-- Journal begins at Fri 2021-10-22 13:00:59 WITA, ends at Sun 2021-12-05 11:13:24 WITA. --
Dec 04 18:59:08 deemo kernel: Linux version 5.15.4-arch1-1 (linux@archlinux) (gcc (GCC) 11.1.0, GNU ld (GNU Binutils) 2.36.1) #1 SMP PREEMPT Sun, 21 Nov 2021 21:34:33 +0000
Dec 04 18:59:08 deemo kernel: Command line: BOOT_IMAGE=/boot/vmlinuz-linux root=UUID=0987f832-424a-4494-929d-5ecbe7f8ea8a rw loglevel=3 quiet splash i8042.dumbkbd=1
Dec 04 18:59:08 deemo kernel: x86/fpu: Supporting XSAVE feature 0x001: 'x87 floating point registers'
Dec 04 18:59:08 deemo kernel: x86/fpu: Supporting XSAVE feature 0x002: 'SSE registers'
Dec 04 18:59:08 deemo kernel: x86/fpu: Supporting XSAVE feature 0x004: 'AVX registers'
Dec 04 18:59:08 deemo kernel: x86/fpu: xstate_offset[2]:  576, xstate_sizes[2]:  256
Dec 04 18:59:08 deemo kernel: x86/fpu: Enabled xstate features 0x7, context size is 832 bytes, using 'standard' format.
Dec 04 18:59:08 deemo kernel: signal: max sigframe size: 1776
Dec 04 18:59:08 deemo kernel: BIOS-provided physical RAM map:
Dec 04 18:59:08 deemo kernel: BIOS-e820: [mem 0x0000000000000000-0x0000000000057fff] usable
Dec 04 18:59:08 deemo kernel: BIOS-e820: [mem 0x0000000000058000-0x0000000000058fff] reserved
Dec 04 18:59:08 deemo kernel: BIOS-e820: [mem 0x0000000000059000-0x000000000009efff] usable
Dec 04 18:59:08 deemo kernel: BIOS-e820: [mem 0x000000000009f000-0x000000000009ffff] reserved
Dec 04 18:59:08 deemo kernel: BIOS-e820: [mem 0x0000000000100000-0x00000000c612bfff] usable
Dec 04 18:59:08 deemo kernel: BIOS-e820: [mem 0x00000000c612c000-0x00000000c648cfff] reserved
Dec 04 18:59:08 deemo kernel: BIOS-e820: [mem 0x00000000c648d000-0x00000000caa21fff] usable
Dec 04 18:59:08 deemo kernel: BIOS-e820: [mem 0x00000000caa22000-0x00000000caa80fff] reserved
Dec 04 18:59:08 deemo kernel: BIOS-e820: [mem 0x00000000caa81000-0x00000000caf87fff] usable
Dec 04 18:59:08 deemo kernel: BIOS-e820: [mem 0x00000000caf88000-0x00000000cc41dfff] ACPI NVS
Dec 04 18:59:08 deemo kernel: BIOS-e820: [mem 0x00000000cc41e000-0x00000000cceeafff] reserved
Dec 04 18:59:08 deemo kernel: BIOS-e820: [mem 0x00000000cceeb000-0x00000000ccffefff] type 20
Dec 04 18:59:08 deemo kernel: BIOS-e820: [mem 0x00000000ccfff000-0x00000000ccffffff] usable
Dec 04 18:59:08 deemo kernel: BIOS-e820: [mem 0x00000000cd800000-0x00000000cfffffff] reserved
Dec 04 18:59:08 deemo kernel: BIOS-e820: [mem 0x00000000f8000000-0x00000000fbffffff] reserved
Dec 04 18:59:08 deemo kernel: BIOS-e820: [mem 0x00000000fec00000-0x00000000fec00fff] reserved
Dec 04 18:59:08 deemo kernel: BIOS-e820: [mem 0x00000000fed00000-0x00000000fed03fff] reserved
Dec 04 18:59:08 deemo kernel: BIOS-e820: [mem 0x00000000fed1c000-0x00000000fed1ffff] reserved
Dec 04 18:59:08 deemo kernel: BIOS-e820: [mem 0x00000000fee00000-0x00000000fee00fff] reserved
Dec 04 18:59:08 deemo kernel: BIOS-e820: [mem 0x00000000ff000000-0x00000000ffffffff] reserved
Dec 04 18:59:08 deemo kernel: BIOS-e820: [mem 0x0000000100000000-0x000000032effffff] usable
Dec 04 18:59:08 deemo kernel: NX (Execute Disable) protection: active
Dec 04 18:59:08 deemo kernel: efi: EFI v2.40 by American Megatrends
Dec 04 18:59:08 deemo kernel: efi: ESRT=0xcce33d98 ACPI=0xcb38c000 ACPI 2.0=0xcb38c000 SMBIOS=0xf05b0 
Dec 04 18:59:08 deemo kernel: SMBIOS 2.8 present.
Dec 04 18:59:08 deemo kernel: DMI: ASUSTeK COMPUTER INC. X455LB/X455LB, BIOS X455LB.206 09/15/2015
Dec 04 18:59:08 deemo kernel: tsc: Fast TSC calibration using PIT
Dec 04 18:59:08 deemo kernel: tsc: Detected 2394.257 MHz processor
Dec 04 18:59:08 deemo kernel: e820: update [mem 0x00000000-0x00000fff] usable ==> reserved
Dec 04 18:59:08 deemo kernel: e820: remove [mem 0x000a0000-0x000fffff] usable
Dec 04 18:59:08 deemo kernel: last_pfn = 0x32f000 max_arch_pfn = 0x400000000
Dec 04 18:59:08 deemo kernel: x86/PAT: Configuration [0-7]: WB  WC  UC- UC  WB  WP  UC- WT  
Dec 04 18:59:08 deemo kernel: total RAM covered: 12224M
Dec 04 18:59:08 deemo kernel: Found optimal setting for mtrr clean up
Dec 04 18:59:08 deemo kernel:  gran_size: 64K         chunk_size: 64M         num_reg: 10          lose cover RAM: 0G
Dec 04 18:59:08 deemo kernel: e820: update [mem 0xcd000000-0xffffffff] usable ==> reserved
Dec 04 18:59:08 deemo kernel: last_pfn = 0xcd000 max_arch_pfn = 0x400000000
Dec 04 18:59:08 deemo kernel: found SMP MP-table at [mem 0x000fd930-0x000fd93f]
Dec 04 18:59:08 deemo kernel: esrt: Reserving ESRT space from 0x00000000cce33d98 to 0x00000000cce33dd0.
Dec 04 18:59:08 deemo kernel: Using GB pages for direct mapping
Dec 04 18:59:08 deemo kernel: Secure boot disabled
Dec 04 18:59:08 deemo kernel: RAMDISK: [mem 0x37035000-0x37811fff]
Dec 04 18:59:08 deemo kernel: ACPI: Early table checksum verification disabled
Dec 04 18:59:08 deemo kernel: ACPI: RSDP 0x00000000CB38C000 000024 (v02 _ASUS_)
Dec 04 18:59:08 deemo kernel: ACPI: XSDT 0x00000000CB38C0B0 0000DC (v01 _ASUS_ Notebook 01072009 AMI  00010013)
Dec 04 18:59:08 deemo kernel: ACPI: FACP 0x00000000CB3A3DA0 00010C (v05 _ASUS_ Notebook 01072009 AMI  00010013)
Dec 04 18:59:08 deemo kernel: ACPI: DSDT 0x00000000CB38C228 017B71 (v02 _ASUS_ Notebook 01072009 INTL 20120913)
Dec 04 18:59:08 deemo kernel: ACPI: FACS 0x00000000CC41BF80 000040
Dec 04 18:59:08 deemo kernel: ACPI: APIC 0x00000000CB3A3EB0 000084 (v03 _ASUS_ Notebook 01072009 AMI  00010013)
Dec 04 18:59:08 deemo kernel: ACPI: FPDT 0x00000000CB3A3F38 000044 (v01 _ASUS_ Notebook 01072009 AMI  00010013)
Dec 04 18:59:08 deemo kernel: ACPI: FIDT 0x00000000CB3A3F80 00009C (v01 _ASUS_ Notebook 01072009 AMI  00010013)
Dec 04 18:59:08 deemo kernel: ACPI: ECDT 0x00000000CB3A4020 0000C1 (v01 _ASUS_ Notebook 01072009 AMI. 00000005)
Dec 04 18:59:08 deemo kernel: ACPI: MCFG 0x00000000CB3A40E8 00003C (v01 _ASUS_ Notebook 01072009 MSFT 00000097)
Dec 04 18:59:08 deemo kernel: ACPI: HPET 0x00000000CB3A4128 000038 (v01 _ASUS_ Notebook 01072009 AMI. 00000005)
Dec 04 18:59:08 deemo kernel: ACPI: SSDT 0x00000000CB3A4160 000315 (v01 SataRe SataTabl 00001000 INTL 20120913)
Dec 04 18:59:08 deemo kernel: ACPI: UEFI 0x00000000CB3A4478 000042 (v01                 00000000      00000000)
Dec 04 18:59:08 deemo kernel: ACPI: SSDT 0x00000000CB3A44C0 000194 (v01 Intel  zpodd    00001000 INTL 20120913)
Dec 04 18:59:08 deemo kernel: ACPI: SSDT 0x00000000CB3A4658 000C7D (v02 Ther_R Ther_Rvp 00001000 INTL 20120913)
Dec 04 18:59:08 deemo kernel: ACPI: ASF! 0x00000000CB3A52D8 0000A0 (v32 INTEL   HCG     00000001 TFSM 000F4240)
Dec 04 18:59:08 deemo kernel: ACPI: SSDT 0x00000000CB3A5378 000539 (v02 PmRef  Cpu0Ist  00003000 INTL 20120913)
Dec 04 18:59:08 deemo kernel: ACPI: SSDT 0x00000000CB3A58B8 000B74 (v02 CpuRef CpuSsdt  00003000 INTL 20120913)
Dec 04 18:59:08 deemo kernel: ACPI: SSDT 0x00000000CB3A6430 003245 (v02 DptfTa DptfTabl 00001000 INTL 20120913)
Dec 04 18:59:08 deemo kernel: ACPI: SSDT 0x00000000CB3A9678 000394 (v02 CppcTa CppcTabl 00001000 INTL 20120913)
Dec 04 18:59:08 deemo kernel: ACPI: PCCT 0x00000000CB3A9A10 00006E (v05 PcctTa PcctTabl 00001000 INTL 20120913)
Dec 04 18:59:08 deemo kernel: ACPI: SSDT 0x00000000CB3A9A80 000AC4 (v02 Cpc_Ta Cpc_Tabl 00001000 INTL 20120913)
Dec 04 18:59:08 deemo kernel: ACPI: SSDT 0x00000000CB3AA548 006D1E (v02 SaSsdt SaSsdt   00003000 INTL 20120913)
Dec 04 18:59:08 deemo kernel: ACPI: SSDT 0x00000000CB3B1268 000762 (v02 SgRef  SgPch    00001000 INTL 20120913)
Dec 04 18:59:08 deemo kernel: ACPI: DMAR 0x00000000CB3B19D0 0000A8 (v01 INTEL  BDW      00000001 INTL 00000001)
Dec 04 18:59:08 deemo kernel: ACPI: BGRT 0x00000000CB3B1A78 000038 (v01 _ASUS_ Notebook 01072009 AMI  00010013)
Dec 04 18:59:08 deemo kernel: ACPI: SSDT 0x00000000CB3B1AB0 0019F0 (v01 OptRef OptTabl  00001000 INTL 20120913)
Dec 04 18:59:08 deemo kernel: ACPI: Reserving FACP table memory at [mem 0xcb3a3da0-0xcb3a3eab]
Dec 04 18:59:08 deemo kernel: ACPI: Reserving DSDT table memory at [mem 0xcb38c228-0xcb3a3d98]
Dec 04 18:59:08 deemo kernel: ACPI: Reserving FACS table memory at [mem 0xcc41bf80-0xcc41bfbf]
Dec 04 18:59:08 deemo kernel: ACPI: Reserving APIC table memory at [mem 0xcb3a3eb0-0xcb3a3f33]
Dec 04 18:59:08 deemo kernel: ACPI: Reserving FPDT table memory at [mem 0xcb3a3f38-0xcb3a3f7b]
Dec 04 18:59:08 deemo kernel: ACPI: Reserving FIDT table memory at [mem 0xcb3a3f80-0xcb3a401b]
Dec 04 18:59:08 deemo kernel: ACPI: Reserving ECDT table memory at [mem 0xcb3a4020-0xcb3a40e0]
Dec 04 18:59:08 deemo kernel: ACPI: Reserving MCFG table memory at [mem 0xcb3a40e8-0xcb3a4123]
Dec 04 18:59:08 deemo kernel: ACPI: Reserving HPET table memory at [mem 0xcb3a4128-0xcb3a415f]
Dec 04 18:59:08 deemo kernel: ACPI: Reserving SSDT table memory at [mem 0xcb3a4160-0xcb3a4474]
Dec 04 18:59:08 deemo kernel: ACPI: Reserving UEFI table memory at [mem 0xcb3a4478-0xcb3a44b9]
Dec 04 18:59:08 deemo kernel: ACPI: Reserving SSDT table memory at [mem 0xcb3a44c0-0xcb3a4653]
Dec 04 18:59:08 deemo kernel: ACPI: Reserving SSDT table memory at [mem 0xcb3a4658-0xcb3a52d4]
Dec 04 18:59:08 deemo kernel: ACPI: Reserving ASF! table memory at [mem 0xcb3a52d8-0xcb3a5377]
Dec 04 18:59:08 deemo kernel: ACPI: Reserving SSDT table memory at [mem 0xcb3a5378-0xcb3a58b0]
Dec 04 18:59:08 deemo kernel: ACPI: Reserving SSDT table memory at [mem 0xcb3a58b8-0xcb3a642b]
Dec 04 18:59:08 deemo kernel: ACPI: Reserving SSDT table memory at [mem 0xcb3a6430-0xcb3a9674]
Dec 04 18:59:08 deemo kernel: ACPI: Reserving SSDT table memory at [mem 0xcb3a9678-0xcb3a9a0b]
Dec 04 18:59:08 deemo kernel: ACPI: Reserving PCCT table memory at [mem 0xcb3a9a10-0xcb3a9a7d]
Dec 04 18:59:08 deemo kernel: ACPI: Reserving SSDT table memory at [mem 0xcb3a9a80-0xcb3aa543]
Dec 04 18:59:08 deemo kernel: ACPI: Reserving SSDT table memory at [mem 0xcb3aa548-0xcb3b1265]
Dec 04 18:59:08 deemo kernel: ACPI: Reserving SSDT table memory at [mem 0xcb3b1268-0xcb3b19c9]
Dec 04 18:59:08 deemo kernel: ACPI: Reserving DMAR table memory at [mem 0xcb3b19d0-0xcb3b1a77]
Dec 04 18:59:08 deemo kernel: ACPI: Reserving BGRT table memory at [mem 0xcb3b1a78-0xcb3b1aaf]
Dec 04 18:59:08 deemo kernel: ACPI: Reserving SSDT table memory at [mem 0xcb3b1ab0-0xcb3b349f]
Dec 04 18:59:08 deemo kernel: No NUMA configuration found
Dec 04 18:59:08 deemo kernel: Faking a node at [mem 0x0000000000000000-0x000000032effffff]
Dec 04 18:59:08 deemo kernel: NODE_DATA(0) allocated [mem 0x32effc000-0x32effffff]
Dec 04 18:59:08 deemo kernel: Zone ranges:
Dec 04 18:59:08 deemo kernel:   DMA      [mem 0x0000000000001000-0x0000000000ffffff]
Dec 04 18:59:08 deemo kernel:   DMA32    [mem 0x0000000001000000-0x00000000ffffffff]
Dec 04 18:59:08 deemo kernel:   Normal   [mem 0x0000000100000000-0x000000032effffff]
Dec 04 18:59:08 deemo kernel:   Device   empty
Dec 04 18:59:08 deemo kernel: Movable zone start for each node
Dec 04 18:59:08 deemo kernel: Early memory node ranges
Dec 04 18:59:08 deemo kernel:   node   0: [mem 0x0000000000001000-0x0000000000057fff]
Dec 04 18:59:08 deemo kernel:   node   0: [mem 0x0000000000059000-0x000000000009efff]
Dec 04 18:59:08 deemo kernel:   node   0: [mem 0x0000000000100000-0x00000000c612bfff]
Dec 04 18:59:08 deemo kernel:   node   0: [mem 0x00000000c648d000-0x00000000caa21fff]
Dec 04 18:59:08 deemo kernel:   node   0: [mem 0x00000000caa81000-0x00000000caf87fff]
Dec 04 18:59:08 deemo kernel:   node   0: [mem 0x00000000ccfff000-0x00000000ccffffff]
Dec 04 18:59:08 deemo kernel:   node   0: [mem 0x0000000100000000-0x000000032effffff]
Dec 04 18:59:08 deemo kernel: Initmem setup node 0 [mem 0x0000000000001000-0x000000032effffff]
Dec 04 18:59:08 deemo kernel: On node 0, zone DMA: 1 pages in unavailable ranges
Dec 04 18:59:08 deemo kernel: On node 0, zone DMA: 1 pages in unavailable ranges
Dec 04 18:59:08 deemo kernel: On node 0, zone DMA: 97 pages in unavailable ranges
Dec 04 18:59:08 deemo kernel: On node 0, zone DMA32: 865 pages in unavailable ranges
Dec 04 18:59:08 deemo kernel: On node 0, zone DMA32: 95 pages in unavailable ranges
Dec 04 18:59:08 deemo kernel: On node 0, zone DMA32: 8311 pages in unavailable ranges
Dec 04 18:59:08 deemo kernel: On node 0, zone Normal: 12288 pages in unavailable ranges
Dec 04 18:59:08 deemo kernel: On node 0, zone Normal: 4096 pages in unavailable ranges
Dec 04 18:59:08 deemo kernel: Reserving Intel graphics memory at [mem 0xce000000-0xcfffffff]
Dec 04 18:59:08 deemo kernel: ACPI: PM-Timer IO Port: 0x1808
Dec 04 18:59:08 deemo kernel: ACPI: LAPIC_NMI (acpi_id[0x01] dfl edge lint[0x87])
Dec 04 18:59:08 deemo kernel: ACPI: NMI not connected to LINT 1!
Dec 04 18:59:08 deemo kernel: ACPI: LAPIC_NMI (acpi_id[0x02] res level lint[0xba])
Dec 04 18:59:08 deemo kernel: ACPI: NMI not connected to LINT 1!
Dec 04 18:59:08 deemo kernel: ACPI: LAPIC_NMI (acpi_id[0x03] low dfl lint[0xb6])
Dec 04 18:59:08 deemo kernel: ACPI: NMI not connected to LINT 1!
Dec 04 18:59:08 deemo kernel: ACPI: LAPIC_NMI (acpi_id[0x04] dfl dfl lint[0xc5])
Dec 04 18:59:08 deemo kernel: ACPI: NMI not connected to LINT 1!
Dec 04 18:59:08 deemo kernel: IOAPIC[0]: apic_id 2, version 32, address 0xfec00000, GSI 0-39
Dec 04 18:59:08 deemo kernel: ACPI: INT_SRC_OVR (bus 0 bus_irq 0 global_irq 2 dfl dfl)
Dec 04 18:59:08 deemo kernel: ACPI: INT_SRC_OVR (bus 0 bus_irq 9 global_irq 9 high level)
Dec 04 18:59:08 deemo kernel: ACPI: Using ACPI (MADT) for SMP configuration information
Dec 04 18:59:08 deemo kernel: ACPI: HPET id: 0x8086a701 base: 0xfed00000
Dec 04 18:59:08 deemo kernel: e820: update [mem 0xc88c7000-0xc88dafff] usable ==> reserved
Dec 04 18:59:08 deemo kernel: [Firmware Bug]: TSC_DEADLINE disabled due to Errata; please update microcode to version: 0x25 (or later)
Dec 04 18:59:08 deemo kernel: smpboot: Allowing 4 CPUs, 0 hotplug CPUs
Dec 04 18:59:08 deemo kernel: PM: hibernation: Registered nosave memory: [mem 0x00000000-0x00000fff]
Dec 04 18:59:08 deemo kernel: PM: hibernation: Registered nosave memory: [mem 0x00058000-0x00058fff]
Dec 04 18:59:08 deemo kernel: PM: hibernation: Registered nosave memory: [mem 0x0009f000-0x0009ffff]
Dec 04 18:59:08 deemo kernel: PM: hibernation: Registered nosave memory: [mem 0x000a0000-0x000fffff]
Dec 04 18:59:08 deemo kernel: PM: hibernation: Registered nosave memory: [mem 0xc612c000-0xc648cfff]
Dec 04 18:59:08 deemo kernel: PM: hibernation: Registered nosave memory: [mem 0xc88c7000-0xc88dafff]
Dec 04 18:59:08 deemo kernel: PM: hibernation: Registered nosave memory: [mem 0xcaa22000-0xcaa80fff]
Dec 04 18:59:08 deemo kernel: PM: hibernation: Registered nosave memory: [mem 0xcaf88000-0xcc41dfff]
Dec 04 18:59:08 deemo kernel: PM: hibernation: Registered nosave memory: [mem 0xcc41e000-0xcceeafff]
Dec 04 18:59:08 deemo kernel: PM: hibernation: Registered nosave memory: [mem 0xcceeb000-0xccffefff]
Dec 04 18:59:08 deemo kernel: PM: hibernation: Registered nosave memory: [mem 0xcd000000-0xcd7fffff]
Dec 04 18:59:08 deemo kernel: PM: hibernation: Registered nosave memory: [mem 0xcd800000-0xcfffffff]
Dec 04 18:59:08 deemo kernel: PM: hibernation: Registered nosave memory: [mem 0xd0000000-0xf7ffffff]
Dec 04 18:59:08 deemo kernel: PM: hibernation: Registered nosave memory: [mem 0xf8000000-0xfbffffff]
Dec 04 18:59:08 deemo kernel: PM: hibernation: Registered nosave memory: [mem 0xfc000000-0xfebfffff]
Dec 04 18:59:08 deemo kernel: PM: hibernation: Registered nosave memory: [mem 0xfec00000-0xfec00fff]
Dec 04 18:59:08 deemo kernel: PM: hibernation: Registered nosave memory: [mem 0xfec01000-0xfecfffff]
Dec 04 18:59:08 deemo kernel: PM: hibernation: Registered nosave memory: [mem 0xfed00000-0xfed03fff]
Dec 04 18:59:08 deemo kernel: PM: hibernation: Registered nosave memory: [mem 0xfed04000-0xfed1bfff]
Dec 04 18:59:08 deemo kernel: PM: hibernation: Registered nosave memory: [mem 0xfed1c000-0xfed1ffff]
Dec 04 18:59:08 deemo kernel: PM: hibernation: Registered nosave memory: [mem 0xfed20000-0xfedfffff]
Dec 04 18:59:08 deemo kernel: PM: hibernation: Registered nosave memory: [mem 0xfee00000-0xfee00fff]
Dec 04 18:59:08 deemo kernel: PM: hibernation: Registered nosave memory: [mem 0xfee01000-0xfeffffff]
Dec 04 18:59:08 deemo kernel: PM: hibernation: Registered nosave memory: [mem 0xff000000-0xffffffff]
Dec 04 18:59:08 deemo kernel: [mem 0xd0000000-0xf7ffffff] available for PCI devices
Dec 04 18:59:08 deemo kernel: Booting paravirtualized kernel on bare hardware
Dec 04 18:59:08 deemo kernel: clocksource: refined-jiffies: mask: 0xffffffff max_cycles: 0xffffffff, max_idle_ns: 6370452778343963 ns
Dec 04 18:59:08 deemo kernel: setup_percpu: NR_CPUS:320 nr_cpumask_bits:320 nr_cpu_ids:4 nr_node_ids:1
Dec 04 18:59:08 deemo kernel: percpu: Embedded 61 pages/cpu s212992 r8192 d28672 u524288
Dec 04 18:59:08 deemo kernel: pcpu-alloc: s212992 r8192 d28672 u524288 alloc=1*2097152
Dec 04 18:59:08 deemo kernel: pcpu-alloc: [0] 0 1 2 3 
Dec 04 18:59:08 deemo kernel: Built 1 zonelists, mobility grouping on.  Total pages: 3071065
Dec 04 18:59:08 deemo kernel: Policy zone: Normal
Dec 04 18:59:08 deemo kernel: Kernel command line: BOOT_IMAGE=/boot/vmlinuz-linux root=UUID=0987f832-424a-4494-929d-5ecbe7f8ea8a rw loglevel=3 quiet splash i8042.dumbkbd=1
Dec 04 18:59:08 deemo kernel: Unknown kernel command line parameters "splash BOOT_IMAGE=/boot/vmlinuz-linux", will be passed to user space.
Dec 04 18:59:08 deemo kernel: Dentry cache hash table entries: 2097152 (order: 12, 16777216 bytes, linear)
Dec 04 18:59:08 deemo kernel: Inode-cache hash table entries: 1048576 (order: 11, 8388608 bytes, linear)
Dec 04 18:59:08 deemo kernel: mem auto-init: stack:byref_all(zero), heap alloc:on, heap free:off
Dec 04 18:59:08 deemo kernel: Memory: 12078788K/12479896K available (14344K kernel code, 2071K rwdata, 10788K rodata, 1860K init, 3844K bss, 400848K reserved, 0K cma-reserved)
Dec 04 18:59:08 deemo kernel: random: get_random_u64 called from __kmem_cache_create+0x2a/0x540 with crng_init=0
Dec 04 18:59:08 deemo kernel: SLUB: HWalign=64, Order=0-3, MinObjects=0, CPUs=4, Nodes=1
Dec 04 18:59:08 deemo kernel: Kernel/User page tables isolation: enabled
Dec 04 18:59:08 deemo kernel: ftrace: allocating 44281 entries in 173 pages
Dec 04 18:59:08 deemo kernel: ftrace: allocated 173 pages with 5 groups
Dec 04 18:59:08 deemo kernel: rcu: Preemptible hierarchical RCU implementation.
Dec 04 18:59:08 deemo kernel: rcu:         RCU dyntick-idle grace-period acceleration is enabled.
Dec 04 18:59:08 deemo kernel: rcu:         RCU restricting CPUs from NR_CPUS=320 to nr_cpu_ids=4.
Dec 04 18:59:08 deemo kernel: rcu:         RCU priority boosting: priority 1 delay 500 ms.
Dec 04 18:59:08 deemo kernel:         Trampoline variant of Tasks RCU enabled.
Dec 04 18:59:08 deemo kernel:         Rude variant of Tasks RCU enabled.
Dec 04 18:59:08 deemo kernel:         Tracing variant of Tasks RCU enabled.
Dec 04 18:59:08 deemo kernel: rcu: RCU calculated value of scheduler-enlistment delay is 30 jiffies.
Dec 04 18:59:08 deemo kernel: rcu: Adjusting geometry for rcu_fanout_leaf=16, nr_cpu_ids=4
Dec 04 18:59:08 deemo kernel: NR_IRQS: 20736, nr_irqs: 728, preallocated irqs: 16
Dec 04 18:59:08 deemo kernel: kfence: initialized - using 2097152 bytes for 255 objects at 0x(____ptrval____)-0x(____ptrval____)
Dec 04 18:59:08 deemo kernel: Console: colour dummy device 80x25
Dec 04 18:59:08 deemo kernel: printk: console [tty0] enabled
Dec 04 18:59:08 deemo kernel: ACPI: Core revision 20210730
Dec 04 18:59:08 deemo kernel: hpet: HPET dysfunctional in PC10. Force disabled.
Dec 04 18:59:08 deemo kernel: APIC: Switch to symmetric I/O mode setup
Dec 04 18:59:08 deemo kernel: DMAR: Host address width 39
Dec 04 18:59:08 deemo kernel: DMAR: DRHD base: 0x000000fed90000 flags: 0x0
Dec 04 18:59:08 deemo kernel: DMAR: dmar0: reg_base_addr fed90000 ver 1:0 cap 1c0000c40660462 ecap 7e1ff0505e
Dec 04 18:59:08 deemo kernel: DMAR: DRHD base: 0x000000fed91000 flags: 0x1
Dec 04 18:59:08 deemo kernel: DMAR: dmar1: reg_base_addr fed91000 ver 1:0 cap d2008c20660462 ecap f010da
Dec 04 18:59:08 deemo kernel: DMAR: RMRR base: 0x000000cce44000 end: 0x000000cce52fff
Dec 04 18:59:08 deemo kernel: DMAR: RMRR base: 0x000000cd800000 end: 0x000000cfffffff
Dec 04 18:59:08 deemo kernel: DMAR-IR: IOAPIC id 2 under DRHD base  0xfed91000 IOMMU 1
Dec 04 18:59:08 deemo kernel: DMAR-IR: HPET id 0 under DRHD base 0xfed91000
Dec 04 18:59:08 deemo kernel: DMAR-IR: x2apic is disabled because BIOS sets x2apic opt out bit.
Dec 04 18:59:08 deemo kernel: DMAR-IR: Use 'intremap=no_x2apic_optout' to override the BIOS setting.
Dec 04 18:59:08 deemo kernel: DMAR-IR: Enabled IRQ remapping in xapic mode
Dec 04 18:59:08 deemo kernel: x2apic: IRQ remapping doesn't support X2APIC mode
Dec 04 18:59:08 deemo kernel: ..TIMER: vector=0x30 apic1=0 pin1=2 apic2=-1 pin2=-1
Dec 04 18:59:08 deemo kernel: clocksource: tsc-early: mask: 0xffffffffffffffff max_cycles: 0x22830659b64, max_idle_ns: 440795219955 ns
Dec 04 18:59:08 deemo kernel: Calibrating delay loop (skipped), value calculated using timer frequency.. 4790.03 BogoMIPS (lpj=7980856)
Dec 04 18:59:08 deemo kernel: pid_max: default: 32768 minimum: 301
Dec 04 18:59:08 deemo kernel: LSM: Security Framework initializing
Dec 04 18:59:08 deemo kernel: landlock: Up and running.
Dec 04 18:59:08 deemo kernel: Yama: becoming mindful.
Dec 04 18:59:08 deemo kernel: LSM support for eBPF active
Dec 04 18:59:08 deemo kernel: Mount-cache hash table entries: 32768 (order: 6, 262144 bytes, linear)
Dec 04 18:59:08 deemo kernel: Mountpoint-cache hash table entries: 32768 (order: 6, 262144 bytes, linear)
Dec 04 18:59:08 deemo kernel: CPU0: Thermal monitoring enabled (TM1)
Dec 04 18:59:08 deemo kernel: process: using mwait in idle threads
Dec 04 18:59:08 deemo kernel: Last level iTLB entries: 4KB 64, 2MB 8, 4MB 8
Dec 04 18:59:08 deemo kernel: Last level dTLB entries: 4KB 64, 2MB 0, 4MB 0, 1GB 4
Dec 04 18:59:08 deemo kernel: Spectre V1 : Mitigation: usercopy/swapgs barriers and __user pointer sanitization
Dec 04 18:59:08 deemo kernel: Spectre V2 : Mitigation: Full generic retpoline
Dec 04 18:59:08 deemo kernel: Spectre V2 : Spectre v2 / SpectreRSB mitigation: Filling RSB on context switch
Dec 04 18:59:08 deemo kernel: Speculative Store Bypass: Vulnerable
Dec 04 18:59:08 deemo kernel: SRBDS: Vulnerable: No microcode
Dec 04 18:59:08 deemo kernel: MDS: Vulnerable: Clear CPU buffers attempted, no microcode
Dec 04 18:59:08 deemo kernel: Freeing SMP alternatives memory: 36K
Dec 04 18:59:08 deemo kernel: smpboot: Estimated ratio of average max frequency by base frequency (times 1024): 1237
Dec 04 18:59:08 deemo kernel: smpboot: CPU0: Intel(R) Core(TM) i7-5500U CPU @ 2.40GHz (family: 0x6, model: 0x3d, stepping: 0x4)
Dec 04 18:59:08 deemo kernel: Performance Events: PEBS fmt2+, Broadwell events, 16-deep LBR, full-width counters, Intel PMU driver.
Dec 04 18:59:08 deemo kernel: ... version:                3
Dec 04 18:59:08 deemo kernel: ... bit width:              48
Dec 04 18:59:08 deemo kernel: ... generic registers:      4
Dec 04 18:59:08 deemo kernel: ... value mask:             0000ffffffffffff
Dec 04 18:59:08 deemo kernel: ... max period:             00007fffffffffff
Dec 04 18:59:08 deemo kernel: ... fixed-purpose events:   3
Dec 04 18:59:08 deemo kernel: ... event mask:             000000070000000f
Dec 04 18:59:08 deemo kernel: rcu: Hierarchical SRCU implementation.
Dec 04 18:59:08 deemo kernel: NMI watchdog: Enabled. Permanently consumes one hw-PMU counter.
Dec 04 18:59:08 deemo kernel: smp: Bringing up secondary CPUs ...
Dec 04 18:59:08 deemo kernel: x86: Booting SMP configuration:
Dec 04 18:59:08 deemo kernel: .... node  #0, CPUs:      #1 #2
Dec 04 18:59:08 deemo kernel: MDS CPU bug present and SMT on, data leak possible. See https://www.kernel.org/doc/html/latest/admin-guide/hw-vuln/mds.html for more details.
Dec 04 18:59:08 deemo kernel:  #3
Dec 04 18:59:08 deemo kernel: smp: Brought up 1 node, 4 CPUs
Dec 04 18:59:08 deemo kernel: smpboot: Max logical packages: 1
Dec 04 18:59:08 deemo kernel: smpboot: Total of 4 processors activated (19161.14 BogoMIPS)
Dec 04 18:59:08 deemo kernel: devtmpfs: initialized
Dec 04 18:59:08 deemo kernel: x86/mm: Memory block size: 128MB
Dec 04 18:59:08 deemo kernel: ACPI: PM: Registering ACPI NVS region [mem 0xcaf88000-0xcc41dfff] (21585920 bytes)
Dec 04 18:59:08 deemo kernel: clocksource: jiffies: mask: 0xffffffff max_cycles: 0xffffffff, max_idle_ns: 6370867519511994 ns
Dec 04 18:59:08 deemo kernel: futex hash table entries: 1024 (order: 4, 65536 bytes, linear)
Dec 04 18:59:08 deemo kernel: pinctrl core: initialized pinctrl subsystem
Dec 04 18:59:08 deemo kernel: PM: RTC time: 10:59:07, date: 2021-12-04
Dec 04 18:59:08 deemo kernel: NET: Registered PF_NETLINK/PF_ROUTE protocol family
Dec 04 18:59:08 deemo kernel: DMA: preallocated 2048 KiB GFP_KERNEL pool for atomic allocations
Dec 04 18:59:08 deemo kernel: DMA: preallocated 2048 KiB GFP_KERNEL|GFP_DMA pool for atomic allocations
Dec 04 18:59:08 deemo kernel: DMA: preallocated 2048 KiB GFP_KERNEL|GFP_DMA32 pool for atomic allocations
Dec 04 18:59:08 deemo kernel: audit: initializing netlink subsys (disabled)
Dec 04 18:59:08 deemo kernel: audit: type=2000 audit(1638615547.129:1): state=initialized audit_enabled=0 res=1
Dec 04 18:59:08 deemo kernel: thermal_sys: Registered thermal governor 'fair_share'
Dec 04 18:59:08 deemo kernel: thermal_sys: Registered thermal governor 'bang_bang'
Dec 04 18:59:08 deemo kernel: thermal_sys: Registered thermal governor 'step_wise'
Dec 04 18:59:08 deemo kernel: thermal_sys: Registered thermal governor 'user_space'
Dec 04 18:59:08 deemo kernel: thermal_sys: Registered thermal governor 'power_allocator'
Dec 04 18:59:08 deemo kernel: cpuidle: using governor ladder
Dec 04 18:59:08 deemo kernel: cpuidle: using governor menu
Dec 04 18:59:08 deemo kernel: Detected 1 PCC Subspaces
Dec 04 18:59:08 deemo kernel: Registering PCC driver as Mailbox controller
Dec 04 18:59:08 deemo kernel: HugeTLB: can free 4094 vmemmap pages for hugepages-1048576kB
Dec 04 18:59:08 deemo kernel: ACPI FADT declares the system doesn't support PCIe ASPM, so disable it
Dec 04 18:59:08 deemo kernel: ACPI: bus type PCI registered
Dec 04 18:59:08 deemo kernel: acpiphp: ACPI Hot Plug PCI Controller Driver version: 0.5
Dec 04 18:59:08 deemo kernel: PCI: MMCONFIG for domain 0000 [bus 00-3f] at [mem 0xf8000000-0xfbffffff] (base 0xf8000000)
Dec 04 18:59:08 deemo kernel: PCI: MMCONFIG at [mem 0xf8000000-0xfbffffff] reserved in E820
Dec 04 18:59:08 deemo kernel: PCI: Using configuration type 1 for base access
Dec 04 18:59:08 deemo kernel: ENERGY_PERF_BIAS: Set to 'normal', was 'performance'
Dec 04 18:59:08 deemo kernel: Kprobes globally optimized
Dec 04 18:59:08 deemo kernel: HugeTLB: can free 6 vmemmap pages for hugepages-2048kB
Dec 04 18:59:08 deemo kernel: HugeTLB registered 1.00 GiB page size, pre-allocated 0 pages
Dec 04 18:59:08 deemo kernel: HugeTLB registered 2.00 MiB page size, pre-allocated 0 pages
Dec 04 18:59:08 deemo kernel: ACPI: Added _OSI(Module Device)
Dec 04 18:59:08 deemo kernel: ACPI: Added _OSI(Processor Device)
Dec 04 18:59:08 deemo kernel: ACPI: Added _OSI(3.0 _SCP Extensions)
Dec 04 18:59:08 deemo kernel: ACPI: Added _OSI(Processor Aggregator Device)
Dec 04 18:59:08 deemo kernel: ACPI: Added _OSI(Linux-Dell-Video)
Dec 04 18:59:08 deemo kernel: ACPI: Added _OSI(Linux-Lenovo-NV-HDMI-Audio)
Dec 04 18:59:08 deemo kernel: ACPI: Added _OSI(Linux-HPI-Hybrid-Graphics)
Dec 04 18:59:08 deemo kernel: ACPI: 12 ACPI AML tables successfully acquired and loaded
Dec 04 18:59:08 deemo kernel: ACPI: EC: EC started
Dec 04 18:59:08 deemo kernel: ACPI: EC: interrupt blocked
Dec 04 18:59:08 deemo kernel: ACPI: EC: EC_CMD/EC_SC=0x66, EC_DATA=0x62
Dec 04 18:59:08 deemo kernel: ACPI: EC: Boot ECDT EC used to handle transactions
Dec 04 18:59:08 deemo kernel: ACPI: Dynamic OEM Table Load:
Dec 04 18:59:08 deemo kernel: ACPI: SSDT 0xFFFF9283C1646C00 0003D3 (v02 PmRef  Cpu0Cst  00003001 INTL 20120913)
Dec 04 18:59:08 deemo kernel: ACPI: Dynamic OEM Table Load:
Dec 04 18:59:08 deemo kernel: ACPI: SSDT 0xFFFF9283C152C800 0005AA (v02 PmRef  ApIst    00003000 INTL 20120913)
Dec 04 18:59:08 deemo kernel: ACPI: Dynamic OEM Table Load:
Dec 04 18:59:08 deemo kernel: ACPI: SSDT 0xFFFF9283C0E9D400 000119 (v02 PmRef  ApCst    00003000 INTL 20120913)
Dec 04 18:59:08 deemo kernel: ACPI: Interpreter enabled
Dec 04 18:59:08 deemo kernel: ACPI: PM: (supports S0 S3 S4 S5)
Dec 04 18:59:08 deemo kernel: ACPI: Using IOAPIC for interrupt routing
Dec 04 18:59:08 deemo kernel: PCI: Using host bridge windows from ACPI; if necessary, use "pci=nocrs" and report a bug
Dec 04 18:59:08 deemo kernel: ACPI: Enabled 8 GPEs in block 00 to 7F
Dec 04 18:59:08 deemo kernel: ACPI: PM: Power Resource [PG00]
Dec 04 18:59:08 deemo kernel: ACPI: PM: Power Resource [PG01]
Dec 04 18:59:08 deemo kernel: ACPI: PM: Power Resource [PG02]
Dec 04 18:59:08 deemo kernel: ACPI: PM: Power Resource [PC05]
Dec 04 18:59:08 deemo kernel: ACPI: PM: Power Resource [FN00]
Dec 04 18:59:08 deemo kernel: ACPI: PM: Power Resource [FN01]
Dec 04 18:59:08 deemo kernel: ACPI: PM: Power Resource [FN02]
Dec 04 18:59:08 deemo kernel: ACPI: PM: Power Resource [FN03]
Dec 04 18:59:08 deemo kernel: ACPI: PM: Power Resource [FN04]
Dec 04 18:59:08 deemo kernel: ACPI: PCI Root Bridge [PCI0] (domain 0000 [bus 00-3e])
Dec 04 18:59:08 deemo kernel: acpi PNP0A08:00: _OSC: OS supports [ExtendedConfig ASPM ClockPM Segments MSI EDR HPX-Type3]
Dec 04 18:59:08 deemo kernel: acpi PNP0A08:00: _OSC: OS now controls [PCIeHotplug SHPCHotplug PME AER PCIeCapability LTR DPC]
Dec 04 18:59:08 deemo kernel: acpi PNP0A08:00: FADT indicates ASPM is unsupported, using BIOS configuration
Dec 04 18:59:08 deemo kernel: PCI host bridge to bus 0000:00
Dec 04 18:59:08 deemo kernel: pci_bus 0000:00: root bus resource [io  0x0000-0x0cf7 window]
Dec 04 18:59:08 deemo kernel: pci_bus 0000:00: root bus resource [io  0x0d00-0xffff window]
Dec 04 18:59:08 deemo kernel: pci_bus 0000:00: root bus resource [mem 0x000a0000-0x000bffff window]
Dec 04 18:59:08 deemo kernel: pci_bus 0000:00: root bus resource [mem 0xd0000000-0xfeafffff window]
Dec 04 18:59:08 deemo kernel: pci_bus 0000:00: root bus resource [bus 00-3e]
Dec 04 18:59:08 deemo kernel: pci 0000:00:00.0: [8086:1604] type 00 class 0x060000
Dec 04 18:59:08 deemo kernel: pci 0000:00:02.0: [8086:1616] type 00 class 0x030000
Dec 04 18:59:08 deemo kernel: pci 0000:00:02.0: reg 0x10: [mem 0xf5000000-0xf5ffffff 64bit]
Dec 04 18:59:08 deemo kernel: pci 0000:00:02.0: reg 0x18: [mem 0xd0000000-0xdfffffff 64bit pref]
Dec 04 18:59:08 deemo kernel: pci 0000:00:02.0: reg 0x20: [io  0xf000-0xf03f]
Dec 04 18:59:08 deemo kernel: pci 0000:00:02.0: BAR 2: assigned to efifb
Dec 04 18:59:08 deemo kernel: pci 0000:00:02.0: DMAR: Disabling IOMMU for graphics on this chipset
Dec 04 18:59:08 deemo kernel: pci 0000:00:03.0: [8086:160c] type 00 class 0x040300
Dec 04 18:59:08 deemo kernel: pci 0000:00:03.0: reg 0x10: [mem 0xf731c000-0xf731ffff 64bit]
Dec 04 18:59:08 deemo kernel: pci 0000:00:04.0: [8086:1603] type 00 class 0x118000
Dec 04 18:59:08 deemo kernel: pci 0000:00:04.0: reg 0x10: [mem 0xf7310000-0xf7317fff 64bit]
Dec 04 18:59:08 deemo kernel: pci 0000:00:14.0: [8086:9cb1] type 00 class 0x0c0330
Dec 04 18:59:08 deemo kernel: pci 0000:00:14.0: reg 0x10: [mem 0xf7300000-0xf730ffff 64bit]
Dec 04 18:59:08 deemo kernel: pci 0000:00:14.0: PME# supported from D3hot D3cold
Dec 04 18:59:08 deemo kernel: pci 0000:00:16.0: [8086:9cba] type 00 class 0x078000
Dec 04 18:59:08 deemo kernel: pci 0000:00:16.0: reg 0x10: [mem 0xf7324000-0xf732401f 64bit]
Dec 04 18:59:08 deemo kernel: pci 0000:00:16.0: PME# supported from D0 D3hot D3cold
Dec 04 18:59:08 deemo kernel: pci 0000:00:1b.0: [8086:9ca0] type 00 class 0x040300
Dec 04 18:59:08 deemo kernel: pci 0000:00:1b.0: reg 0x10: [mem 0xf7318000-0xf731bfff 64bit]
Dec 04 18:59:08 deemo kernel: pci 0000:00:1b.0: PME# supported from D0 D3hot D3cold
Dec 04 18:59:08 deemo kernel: pci 0000:00:1c.0: [8086:9c90] type 01 class 0x060400
Dec 04 18:59:08 deemo kernel: pci 0000:00:1c.0: PME# supported from D0 D3hot D3cold
Dec 04 18:59:08 deemo kernel: pci 0000:00:1c.2: [8086:9c94] type 01 class 0x060400
Dec 04 18:59:08 deemo kernel: pci 0000:00:1c.2: PME# supported from D0 D3hot D3cold
Dec 04 18:59:08 deemo kernel: pci 0000:00:1c.3: [8086:9c96] type 01 class 0x060400
Dec 04 18:59:08 deemo kernel: pci 0000:00:1c.3: PME# supported from D0 D3hot D3cold
Dec 04 18:59:08 deemo kernel: pci 0000:00:1c.4: [8086:9c98] type 01 class 0x060400
Dec 04 18:59:08 deemo kernel: pci 0000:00:1c.4: PME# supported from D0 D3hot D3cold
Dec 04 18:59:08 deemo kernel: pci 0000:00:1f.0: [8086:9cc3] type 00 class 0x060100
Dec 04 18:59:08 deemo kernel: pci 0000:00:1f.2: [8086:9c83] type 00 class 0x010601
Dec 04 18:59:08 deemo kernel: pci 0000:00:1f.2: reg 0x10: [io  0xf0b0-0xf0b7]
Dec 04 18:59:08 deemo kernel: pci 0000:00:1f.2: reg 0x14: [io  0xf0a0-0xf0a3]
Dec 04 18:59:08 deemo kernel: pci 0000:00:1f.2: reg 0x18: [io  0xf090-0xf097]
Dec 04 18:59:08 deemo kernel: pci 0000:00:1f.2: reg 0x1c: [io  0xf080-0xf083]
Dec 04 18:59:08 deemo kernel: pci 0000:00:1f.2: reg 0x20: [io  0xf060-0xf07f]
Dec 04 18:59:08 deemo kernel: pci 0000:00:1f.2: reg 0x24: [mem 0xf7322000-0xf73227ff]
Dec 04 18:59:08 deemo kernel: pci 0000:00:1f.2: PME# supported from D3hot
Dec 04 18:59:08 deemo kernel: pci 0000:00:1f.3: [8086:9ca2] type 00 class 0x0c0500
Dec 04 18:59:08 deemo kernel: pci 0000:00:1f.3: reg 0x10: [mem 0xf7321000-0xf73210ff 64bit]
Dec 04 18:59:08 deemo kernel: pci 0000:00:1f.3: reg 0x20: [io  0xf040-0xf05f]
Dec 04 18:59:08 deemo kernel: pci 0000:00:1f.6: [8086:9ca4] type 00 class 0x118000
Dec 04 18:59:08 deemo kernel: pci 0000:00:1f.6: reg 0x10: [mem 0xf7320000-0xf7320fff 64bit]
Dec 04 18:59:08 deemo kernel: pci 0000:00:1c.0: PCI bridge to [bus 01]
Dec 04 18:59:08 deemo kernel: pci 0000:02:00.0: [10ec:8168] type 00 class 0x020000
Dec 04 18:59:08 deemo kernel: pci 0000:02:00.0: reg 0x10: [io  0xe000-0xe0ff]
Dec 04 18:59:08 deemo kernel: pci 0000:02:00.0: reg 0x18: [mem 0xf7204000-0xf7204fff 64bit]
Dec 04 18:59:08 deemo kernel: pci 0000:02:00.0: reg 0x20: [mem 0xf7200000-0xf7203fff 64bit]
Dec 04 18:59:08 deemo kernel: pci 0000:02:00.0: supports D1 D2
Dec 04 18:59:08 deemo kernel: pci 0000:02:00.0: PME# supported from D0 D1 D2 D3hot D3cold
Dec 04 18:59:08 deemo kernel: pci 0000:00:1c.2: PCI bridge to [bus 02]
Dec 04 18:59:08 deemo kernel: pci 0000:00:1c.2:   bridge window [io  0xe000-0xefff]
Dec 04 18:59:08 deemo kernel: pci 0000:00:1c.2:   bridge window [mem 0xf7200000-0xf72fffff]
Dec 04 18:59:08 deemo kernel: pci 0000:03:00.0: [168c:0036] type 00 class 0x028000
Dec 04 18:59:08 deemo kernel: pci 0000:03:00.0: reg 0x10: [mem 0xf7100000-0xf717ffff 64bit]
Dec 04 18:59:08 deemo kernel: pci 0000:03:00.0: reg 0x30: [mem 0xf7180000-0xf718ffff pref]
Dec 04 18:59:08 deemo kernel: pci 0000:03:00.0: supports D1 D2
Dec 04 18:59:08 deemo kernel: pci 0000:03:00.0: PME# supported from D0 D1 D2 D3hot D3cold
Dec 04 18:59:08 deemo kernel: pci 0000:00:1c.3: PCI bridge to [bus 03]
Dec 04 18:59:08 deemo kernel: pci 0000:00:1c.3:   bridge window [mem 0xf7100000-0xf71fffff]
Dec 04 18:59:08 deemo kernel: pci 0000:04:00.0: [10de:1347] type 00 class 0x030200
Dec 04 18:59:08 deemo kernel: pci 0000:04:00.0: reg 0x10: [mem 0xf6000000-0xf6ffffff]
Dec 04 18:59:08 deemo kernel: pci 0000:04:00.0: reg 0x14: [mem 0xe0000000-0xefffffff 64bit pref]
Dec 04 18:59:08 deemo kernel: pci 0000:04:00.0: reg 0x1c: [mem 0xf0000000-0xf1ffffff 64bit pref]
Dec 04 18:59:08 deemo kernel: pci 0000:04:00.0: reg 0x24: [io  0xd000-0xd07f]
Dec 04 18:59:08 deemo kernel: pci 0000:04:00.0: reg 0x30: [mem 0xf7000000-0xf707ffff pref]
Dec 04 18:59:08 deemo kernel: pci 0000:04:00.0: Enabling HDA controller
Dec 04 18:59:08 deemo kernel: pci 0000:04:00.0: 16.000 Gb/s available PCIe bandwidth, limited by 5.0 GT/s PCIe x4 link at 0000:00:1c.4 (capable of 31.504 Gb/s with 8.0 GT/s PCIe x4 link)
Dec 04 18:59:08 deemo kernel: pci 0000:00:1c.4: PCI bridge to [bus 04]
Dec 04 18:59:08 deemo kernel: pci 0000:00:1c.4:   bridge window [io  0xd000-0xdfff]
Dec 04 18:59:08 deemo kernel: pci 0000:00:1c.4:   bridge window [mem 0xf6000000-0xf70fffff]
Dec 04 18:59:08 deemo kernel: pci 0000:00:1c.4:   bridge window [mem 0xe0000000-0xf1ffffff 64bit pref]
Dec 04 18:59:08 deemo kernel: ACPI: PCI: Interrupt link LNKA configured for IRQ 11
Dec 04 18:59:08 deemo kernel: ACPI: PCI: Interrupt link LNKB configured for IRQ 0
Dec 04 18:59:08 deemo kernel: ACPI: PCI: Interrupt link LNKB disabled
Dec 04 18:59:08 deemo kernel: ACPI: PCI: Interrupt link LNKC configured for IRQ 3
Dec 04 18:59:08 deemo kernel: ACPI: PCI: Interrupt link LNKD configured for IRQ 4
Dec 04 18:59:08 deemo kernel: ACPI: PCI: Interrupt link LNKE configured for IRQ 10
Dec 04 18:59:08 deemo kernel: ACPI: PCI: Interrupt link LNKF configured for IRQ 14
Dec 04 18:59:08 deemo kernel: ACPI: PCI: Interrupt link LNKG configured for IRQ 5
Dec 04 18:59:08 deemo kernel: ACPI: PCI: Interrupt link LNKH configured for IRQ 15
Dec 04 18:59:08 deemo kernel: ACPI: EC: interrupt unblocked
Dec 04 18:59:08 deemo kernel: ACPI: EC: event unblocked
Dec 04 18:59:08 deemo kernel: ACPI: EC: EC_CMD/EC_SC=0x66, EC_DATA=0x62
Dec 04 18:59:08 deemo kernel: ACPI: EC: GPE=0xa
Dec 04 18:59:08 deemo kernel: ACPI: \_SB_.PCI0.LPCB.EC0_: Boot ECDT EC initialization complete
Dec 04 18:59:08 deemo kernel: ACPI: \_SB_.PCI0.LPCB.EC0_: EC: Used to handle transactions and events
Dec 04 18:59:08 deemo kernel: iommu: Default domain type: Translated 
Dec 04 18:59:08 deemo kernel: iommu: DMA domain TLB invalidation policy: lazy mode 
Dec 04 18:59:08 deemo kernel: pci 0000:00:02.0: vgaarb: setting as boot VGA device
Dec 04 18:59:08 deemo kernel: pci 0000:00:02.0: vgaarb: VGA device added: decodes=io+mem,owns=io+mem,locks=none
Dec 04 18:59:08 deemo kernel: pci 0000:00:02.0: vgaarb: bridge control possible
Dec 04 18:59:08 deemo kernel: vgaarb: loaded
Dec 04 18:59:08 deemo kernel: SCSI subsystem initialized
Dec 04 18:59:08 deemo kernel: libata version 3.00 loaded.
Dec 04 18:59:08 deemo kernel: ACPI: bus type USB registered
Dec 04 18:59:08 deemo kernel: usbcore: registered new interface driver usbfs
Dec 04 18:59:08 deemo kernel: usbcore: registered new interface driver hub
Dec 04 18:59:08 deemo kernel: usbcore: registered new device driver usb
Dec 04 18:59:08 deemo kernel: pps_core: LinuxPPS API ver. 1 registered
Dec 04 18:59:08 deemo kernel: pps_core: Software ver. 5.3.6 - Copyright 2005-2007 Rodolfo Giometti <giometti@linux.it>
Dec 04 18:59:08 deemo kernel: PTP clock support registered
Dec 04 18:59:08 deemo kernel: EDAC MC: Ver: 3.0.0
Dec 04 18:59:08 deemo kernel: Registered efivars operations
Dec 04 18:59:08 deemo kernel: NetLabel: Initializing
Dec 04 18:59:08 deemo kernel: NetLabel:  domain hash size = 128
Dec 04 18:59:08 deemo kernel: NetLabel:  protocols = UNLABELED CIPSOv4 CALIPSO
Dec 04 18:59:08 deemo kernel: NetLabel:  unlabeled traffic allowed by default
Dec 04 18:59:08 deemo kernel: PCI: Using ACPI for IRQ routing
Dec 04 18:59:08 deemo kernel: PCI: pci_cache_line_size set to 64 bytes
Dec 04 18:59:08 deemo kernel: e820: reserve RAM buffer [mem 0x00058000-0x0005ffff]
Dec 04 18:59:08 deemo kernel: e820: reserve RAM buffer [mem 0x0009f000-0x0009ffff]
Dec 04 18:59:08 deemo kernel: e820: reserve RAM buffer [mem 0xc612c000-0xc7ffffff]
Dec 04 18:59:08 deemo kernel: e820: reserve RAM buffer [mem 0xc88c7000-0xcbffffff]
Dec 04 18:59:08 deemo kernel: e820: reserve RAM buffer [mem 0xcaa22000-0xcbffffff]
Dec 04 18:59:08 deemo kernel: e820: reserve RAM buffer [mem 0xcaf88000-0xcbffffff]
Dec 04 18:59:08 deemo kernel: e820: reserve RAM buffer [mem 0xcd000000-0xcfffffff]
Dec 04 18:59:08 deemo kernel: e820: reserve RAM buffer [mem 0x32f000000-0x32fffffff]
Dec 04 18:59:08 deemo kernel: clocksource: Switched to clocksource tsc-early
Dec 04 18:59:08 deemo kernel: VFS: Disk quotas dquot_6.6.0
Dec 04 18:59:08 deemo kernel: VFS: Dquot-cache hash table entries: 512 (order 0, 4096 bytes)
Dec 04 18:59:08 deemo kernel: pnp: PnP ACPI init
Dec 04 18:59:08 deemo kernel: system 00:00: [io  0x0240-0x0259] has been reserved
Dec 04 18:59:08 deemo kernel: system 00:00: [io  0x0380-0x038f] has been reserved
Dec 04 18:59:08 deemo kernel: system 00:03: [io  0x0680-0x069f] has been reserved
Dec 04 18:59:08 deemo kernel: system 00:03: [io  0xffff] has been reserved
Dec 04 18:59:08 deemo kernel: system 00:03: [io  0xffff] has been reserved
Dec 04 18:59:08 deemo kernel: system 00:03: [io  0xffff] has been reserved
Dec 04 18:59:08 deemo kernel: system 00:03: [io  0x1800-0x18fe] has been reserved
Dec 04 18:59:08 deemo kernel: system 00:03: [io  0x164e-0x164f] has been reserved
Dec 04 18:59:08 deemo kernel: system 00:05: [io  0x1854-0x1857] has been reserved
Dec 04 18:59:08 deemo kernel: system 00:06: [mem 0xfed1c000-0xfed1ffff] has been reserved
Dec 04 18:59:08 deemo kernel: system 00:06: [mem 0xfed10000-0xfed17fff] has been reserved
Dec 04 18:59:08 deemo kernel: system 00:06: [mem 0xfed18000-0xfed18fff] has been reserved
Dec 04 18:59:08 deemo kernel: system 00:06: [mem 0xfed19000-0xfed19fff] has been reserved
Dec 04 18:59:08 deemo kernel: system 00:06: [mem 0xf8000000-0xfbffffff] has been reserved
Dec 04 18:59:08 deemo kernel: system 00:06: [mem 0xfed20000-0xfed3ffff] has been reserved
Dec 04 18:59:08 deemo kernel: system 00:06: [mem 0xfed90000-0xfed93fff] could not be reserved
Dec 04 18:59:08 deemo kernel: system 00:06: [mem 0xfed45000-0xfed8ffff] has been reserved
Dec 04 18:59:08 deemo kernel: system 00:06: [mem 0xff000000-0xffffffff] has been reserved
Dec 04 18:59:08 deemo kernel: system 00:06: [mem 0xfee00000-0xfeefffff] could not be reserved
Dec 04 18:59:08 deemo kernel: system 00:06: [mem 0xf7fe0000-0xf7feffff] has been reserved
Dec 04 18:59:08 deemo kernel: system 00:06: [mem 0xf7ff0000-0xf7ffffff] has been reserved
Dec 04 18:59:08 deemo kernel: pnp: PnP ACPI: found 8 devices
Dec 04 18:59:08 deemo kernel: clocksource: acpi_pm: mask: 0xffffff max_cycles: 0xffffff, max_idle_ns: 2085701024 ns
Dec 04 18:59:08 deemo kernel: NET: Registered PF_INET protocol family
Dec 04 18:59:08 deemo kernel: IP idents hash table entries: 262144 (order: 9, 2097152 bytes, linear)
Dec 04 18:59:08 deemo kernel: tcp_listen_portaddr_hash hash table entries: 8192 (order: 5, 131072 bytes, linear)
Dec 04 18:59:08 deemo kernel: TCP established hash table entries: 131072 (order: 8, 1048576 bytes, linear)
Dec 04 18:59:08 deemo kernel: TCP bind hash table entries: 65536 (order: 8, 1048576 bytes, linear)
Dec 04 18:59:08 deemo kernel: TCP: Hash tables configured (established 131072 bind 65536)
Dec 04 18:59:08 deemo kernel: MPTCP token hash table entries: 16384 (order: 6, 393216 bytes, linear)
Dec 04 18:59:08 deemo kernel: UDP hash table entries: 8192 (order: 6, 262144 bytes, linear)
Dec 04 18:59:08 deemo kernel: UDP-Lite hash table entries: 8192 (order: 6, 262144 bytes, linear)
Dec 04 18:59:08 deemo kernel: NET: Registered PF_UNIX/PF_LOCAL protocol family
Dec 04 18:59:08 deemo kernel: NET: Registered PF_XDP protocol family
Dec 04 18:59:08 deemo kernel: pci 0000:00:1c.0: bridge window [io  0x1000-0x0fff] to [bus 01] add_size 1000
Dec 04 18:59:08 deemo kernel: pci 0000:00:1c.0: bridge window [mem 0x00100000-0x000fffff 64bit pref] to [bus 01] add_size 200000 add_align 100000
Dec 04 18:59:08 deemo kernel: pci 0000:00:1c.0: bridge window [mem 0x00100000-0x000fffff] to [bus 01] add_size 200000 add_align 100000
Dec 04 18:59:08 deemo kernel: pci 0000:00:1c.0: BAR 14: assigned [mem 0xf2000000-0xf21fffff]
Dec 04 18:59:08 deemo kernel: pci 0000:00:1c.0: BAR 15: assigned [mem 0xf2200000-0xf23fffff 64bit pref]
Dec 04 18:59:08 deemo kernel: pci 0000:00:1c.0: BAR 13: assigned [io  0x2000-0x2fff]
Dec 04 18:59:08 deemo kernel: pci 0000:00:1c.0: PCI bridge to [bus 01]
Dec 04 18:59:08 deemo kernel: pci 0000:00:1c.0:   bridge window [io  0x2000-0x2fff]
Dec 04 18:59:08 deemo kernel: pci 0000:00:1c.0:   bridge window [mem 0xf2000000-0xf21fffff]
Dec 04 18:59:08 deemo kernel: pci 0000:00:1c.0:   bridge window [mem 0xf2200000-0xf23fffff 64bit pref]
Dec 04 18:59:08 deemo kernel: pci 0000:00:1c.2: PCI bridge to [bus 02]
Dec 04 18:59:08 deemo kernel: pci 0000:00:1c.2:   bridge window [io  0xe000-0xefff]
Dec 04 18:59:08 deemo kernel: pci 0000:00:1c.2:   bridge window [mem 0xf7200000-0xf72fffff]
Dec 04 18:59:08 deemo kernel: pci 0000:00:1c.3: PCI bridge to [bus 03]
Dec 04 18:59:08 deemo kernel: pci 0000:00:1c.3:   bridge window [mem 0xf7100000-0xf71fffff]
Dec 04 18:59:08 deemo kernel: pci 0000:00:1c.4: PCI bridge to [bus 04]
Dec 04 18:59:08 deemo kernel: pci 0000:00:1c.4:   bridge window [io  0xd000-0xdfff]
Dec 04 18:59:08 deemo kernel: pci 0000:00:1c.4:   bridge window [mem 0xf6000000-0xf70fffff]
Dec 04 18:59:08 deemo kernel: pci 0000:00:1c.4:   bridge window [mem 0xe0000000-0xf1ffffff 64bit pref]
Dec 04 18:59:08 deemo kernel: pci_bus 0000:00: resource 4 [io  0x0000-0x0cf7 window]
Dec 04 18:59:08 deemo kernel: pci_bus 0000:00: resource 5 [io  0x0d00-0xffff window]
Dec 04 18:59:08 deemo kernel: pci_bus 0000:00: resource 6 [mem 0x000a0000-0x000bffff window]
Dec 04 18:59:08 deemo kernel: pci_bus 0000:00: resource 7 [mem 0xd0000000-0xfeafffff window]
Dec 04 18:59:08 deemo kernel: pci_bus 0000:01: resource 0 [io  0x2000-0x2fff]
Dec 04 18:59:08 deemo kernel: pci_bus 0000:01: resource 1 [mem 0xf2000000-0xf21fffff]
Dec 04 18:59:08 deemo kernel: pci_bus 0000:01: resource 2 [mem 0xf2200000-0xf23fffff 64bit pref]
Dec 04 18:59:08 deemo kernel: pci_bus 0000:02: resource 0 [io  0xe000-0xefff]
Dec 04 18:59:08 deemo kernel: pci_bus 0000:02: resource 1 [mem 0xf7200000-0xf72fffff]
Dec 04 18:59:08 deemo kernel: pci_bus 0000:03: resource 1 [mem 0xf7100000-0xf71fffff]
Dec 04 18:59:08 deemo kernel: pci_bus 0000:04: resource 0 [io  0xd000-0xdfff]
Dec 04 18:59:08 deemo kernel: pci_bus 0000:04: resource 1 [mem 0xf6000000-0xf70fffff]
Dec 04 18:59:08 deemo kernel: pci_bus 0000:04: resource 2 [mem 0xe0000000-0xf1ffffff 64bit pref]
Dec 04 18:59:08 deemo kernel: pci 0000:00:02.0: Video device with shadowed ROM at [mem 0x000c0000-0x000dffff]
Dec 04 18:59:08 deemo kernel: PCI: CLS 64 bytes, default 64
Dec 04 18:59:08 deemo kernel: PCI-DMA: Using software bounce buffering for IO (SWIOTLB)
Dec 04 18:59:08 deemo kernel: software IO TLB: mapped [mem 0x00000000c1275000-0x00000000c5275000] (64MB)
Dec 04 18:59:08 deemo kernel: Trying to unpack rootfs image as initramfs...
Dec 04 18:59:08 deemo kernel: Initialise system trusted keyrings
Dec 04 18:59:08 deemo kernel: Key type blacklist registered
Dec 04 18:59:08 deemo kernel: workingset: timestamp_bits=41 max_order=22 bucket_order=0
Dec 04 18:59:08 deemo kernel: zbud: loaded
Dec 04 18:59:08 deemo kernel: Key type asymmetric registered
Dec 04 18:59:08 deemo kernel: Asymmetric key parser 'x509' registered
Dec 04 18:59:08 deemo kernel: Block layer SCSI generic (bsg) driver version 0.4 loaded (major 242)
Dec 04 18:59:08 deemo kernel: io scheduler mq-deadline registered
Dec 04 18:59:08 deemo kernel: io scheduler kyber registered
Dec 04 18:59:08 deemo kernel: io scheduler bfq registered
Dec 04 18:59:08 deemo kernel: pcieport 0000:00:1c.0: PME: Signaling with IRQ 42
Dec 04 18:59:08 deemo kernel: pcieport 0000:00:1c.0: pciehp: Slot #0 AttnBtn- PwrCtrl- MRL- AttnInd- PwrInd- HotPlug+ Surprise+ Interlock- NoCompl+ IbPresDis- LLActRep+
Dec 04 18:59:08 deemo kernel: pcieport 0000:00:1c.2: PME: Signaling with IRQ 43
Dec 04 18:59:08 deemo kernel: pcieport 0000:00:1c.3: PME: Signaling with IRQ 44
Dec 04 18:59:08 deemo kernel: pcieport 0000:00:1c.4: PME: Signaling with IRQ 45
Dec 04 18:59:08 deemo kernel: shpchp: Standard Hot Plug PCI Controller Driver version: 0.4
Dec 04 18:59:08 deemo kernel: ACPI: AC: AC Adapter [AC0] (on-line)
Dec 04 18:59:08 deemo kernel: input: Lid Switch as /devices/LNXSYSTM:00/LNXSYBUS:00/PNP0C0D:00/input/input0
Dec 04 18:59:08 deemo kernel: ACPI: button: Lid Switch [LID]
Dec 04 18:59:08 deemo kernel: input: Sleep Button as /devices/LNXSYSTM:00/LNXSYBUS:00/PNP0C0E:00/input/input1
Dec 04 18:59:08 deemo kernel: ACPI: button: Sleep Button [SLPB]
Dec 04 18:59:08 deemo kernel: input: Power Button as /devices/LNXSYSTM:00/LNXPWRBN:00/input/input2
Dec 04 18:59:08 deemo kernel: ACPI: button: Power Button [PWRF]
Dec 04 18:59:08 deemo kernel: thermal LNXTHERM:00: registered as thermal_zone0
Dec 04 18:59:08 deemo kernel: ACPI: thermal: Thermal Zone [THRM] (60 C)
Dec 04 18:59:08 deemo kernel: thermal LNXTHERM:01: registered as thermal_zone1
Dec 04 18:59:08 deemo kernel: ACPI: thermal: Thermal Zone [TZ00] (28 C)
Dec 04 18:59:08 deemo kernel: thermal LNXTHERM:02: registered as thermal_zone2
Dec 04 18:59:08 deemo kernel: ACPI: thermal: Thermal Zone [TZ01] (30 C)
Dec 04 18:59:08 deemo kernel: Serial: 8250/16550 driver, 32 ports, IRQ sharing enabled
Dec 04 18:59:08 deemo kernel: hpet_acpi_add: no address or irqs in _CRS
Dec 04 18:59:08 deemo kernel: Non-volatile memory driver v1.3
Dec 04 18:59:08 deemo kernel: Linux agpgart interface v0.103
Dec 04 18:59:08 deemo kernel: AMD-Vi: AMD IOMMUv2 driver by Joerg Roedel <jroedel@suse.de>
Dec 04 18:59:08 deemo kernel: AMD-Vi: AMD IOMMUv2 functionality not available on this system
Dec 04 18:59:08 deemo kernel: ahci 0000:00:1f.2: version 3.0
Dec 04 18:59:08 deemo kernel: ACPI: battery: Slot [BAT0] (battery present)
Dec 04 18:59:08 deemo kernel: ahci 0000:00:1f.2: AHCI 0001.0300 32 slots 4 ports 6 Gbps 0x3 impl SATA mode
Dec 04 18:59:08 deemo kernel: ahci 0000:00:1f.2: flags: 64bit ncq pm led clo only pio slum part deso sadm sds apst 
Dec 04 18:59:08 deemo kernel: scsi host0: ahci
Dec 04 18:59:08 deemo kernel: scsi host1: ahci
Dec 04 18:59:08 deemo kernel: scsi host2: ahci
Dec 04 18:59:08 deemo kernel: scsi host3: ahci
Dec 04 18:59:08 deemo kernel: ata1: SATA max UDMA/133 abar m2048@0xf7322000 port 0xf7322100 irq 46
Dec 04 18:59:08 deemo kernel: ata2: SATA max UDMA/133 abar m2048@0xf7322000 port 0xf7322180 irq 46
Dec 04 18:59:08 deemo kernel: ata3: DUMMY
Dec 04 18:59:08 deemo kernel: ata4: DUMMY
Dec 04 18:59:08 deemo kernel: ehci_hcd: USB 2.0 'Enhanced' Host Controller (EHCI) Driver
Dec 04 18:59:08 deemo kernel: ehci-pci: EHCI PCI platform driver
Dec 04 18:59:08 deemo kernel: ohci_hcd: USB 1.1 'Open' Host Controller (OHCI) Driver
Dec 04 18:59:08 deemo kernel: ohci-pci: OHCI PCI platform driver
Dec 04 18:59:08 deemo kernel: uhci_hcd: USB Universal Host Controller Interface driver
Dec 04 18:59:08 deemo kernel: usbcore: registered new interface driver usbserial_generic
Dec 04 18:59:08 deemo kernel: usbserial: USB Serial support registered for generic
Dec 04 18:59:08 deemo kernel: rtc_cmos 00:04: RTC can wake from S4
Dec 04 18:59:08 deemo kernel: rtc_cmos 00:04: registered as rtc0
Dec 04 18:59:08 deemo kernel: rtc_cmos 00:04: setting system clock to 2021-12-04T10:59:07 UTC (1638615547)
Dec 04 18:59:08 deemo kernel: rtc_cmos 00:04: alarms up to one month, y3k, 242 bytes nvram
Dec 04 18:59:08 deemo kernel: intel_pstate: Intel P-state driver initializing
Dec 04 18:59:08 deemo kernel: ledtrig-cpu: registered to indicate activity on CPUs
Dec 04 18:59:08 deemo kernel: efifb: probing for efifb
Dec 04 18:59:08 deemo kernel: efifb: showing boot graphics
Dec 04 18:59:08 deemo kernel: efifb: framebuffer at 0xd0000000, using 3072k, total 3072k
Dec 04 18:59:08 deemo kernel: efifb: mode is 1024x768x32, linelength=4096, pages=1
Dec 04 18:59:08 deemo kernel: efifb: scrolling: redraw
Dec 04 18:59:08 deemo kernel: efifb: Truecolor: size=8:8:8:8, shift=24:16:8:0
Dec 04 18:59:08 deemo kernel: fbcon: Deferring console take-over
Dec 04 18:59:08 deemo kernel: fb0: EFI VGA frame buffer device
Dec 04 18:59:08 deemo kernel: hid: raw HID events driver (C) Jiri Kosina
Dec 04 18:59:08 deemo kernel: drop_monitor: Initializing network drop monitor service
Dec 04 18:59:08 deemo kernel: Initializing XFRM netlink socket
Dec 04 18:59:08 deemo kernel: NET: Registered PF_INET6 protocol family
Dec 04 18:59:08 deemo kernel: Freeing initrd memory: 8052K
Dec 04 18:59:08 deemo kernel: Segment Routing with IPv6
Dec 04 18:59:08 deemo kernel: RPL Segment Routing with IPv6
Dec 04 18:59:08 deemo kernel: In-situ OAM (IOAM) with IPv6
Dec 04 18:59:08 deemo kernel: NET: Registered PF_PACKET protocol family
Dec 04 18:59:08 deemo kernel: microcode: sig=0x306d4, pf=0x40, revision=0x1f
Dec 04 18:59:08 deemo kernel: microcode: Microcode Update Driver: v2.2.
Dec 04 18:59:08 deemo kernel: IPI shorthand broadcast: enabled
Dec 04 18:59:08 deemo kernel: sched_clock: Marking stable (381034002, 319586)->(384893001, -3539413)
Dec 04 18:59:08 deemo kernel: registered taskstats version 1
Dec 04 18:59:08 deemo kernel: Loading compiled-in X.509 certificates
Dec 04 18:59:08 deemo kernel: Loaded X.509 cert 'Build time autogenerated kernel key: 81833f993dfebb3da19da581c4d1ab3b09b101b3'
Dec 04 18:59:08 deemo kernel: zswap: loaded using pool lz4/z3fold
Dec 04 18:59:08 deemo kernel: Key type ._fscrypt registered
Dec 04 18:59:08 deemo kernel: Key type .fscrypt registered
Dec 04 18:59:08 deemo kernel: Key type fscrypt-provisioning registered
Dec 04 18:59:08 deemo kernel: PM:   Magic number: 1:838:981
Dec 04 18:59:08 deemo kernel: RAS: Correctable Errors collector initialized.
Dec 04 18:59:08 deemo kernel: ata1: SATA link up 6.0 Gbps (SStatus 133 SControl 300)
Dec 04 18:59:08 deemo kernel: ata2: SATA link up 6.0 Gbps (SStatus 133 SControl 300)
Dec 04 18:59:08 deemo kernel: ata1.00: supports DRM functions and may not be fully accessible
Dec 04 18:59:08 deemo kernel: ata1.00: ATA-11: Samsung SSD 860 EVO 250GB, RVT04B6Q, max UDMA/133
Dec 04 18:59:08 deemo kernel: ata1.00: disabling queued TRIM support
Dec 04 18:59:08 deemo kernel: ata1.00: 488397168 sectors, multi 1: LBA48 NCQ (depth 32), AA
Dec 04 18:59:08 deemo kernel: ata1.00: Features: Trust Dev-Sleep NCQ-sndrcv
Dec 04 18:59:08 deemo kernel: ata1.00: supports DRM functions and may not be fully accessible
Dec 04 18:59:08 deemo kernel: ata1.00: disabling queued TRIM support
Dec 04 18:59:08 deemo kernel: ata2.00: LPM support broken, forcing max_power
Dec 04 18:59:08 deemo kernel: ata2.00: ATA-8: ST1000LM024 HN-M101MBB, 2BA30001, max UDMA/133
Dec 04 18:59:08 deemo kernel: ata1.00: configured for UDMA/133
Dec 04 18:59:08 deemo kernel: ata2.00: Read log page 0x08 failed, Emask 0x1
Dec 04 18:59:08 deemo kernel: ata2.00: 1953525168 sectors, multi 16: LBA48 NCQ (depth 32)
Dec 04 18:59:08 deemo kernel: ata2.00: LPM support broken, forcing max_power
Dec 04 18:59:08 deemo kernel: ata2.00: Read log page 0x08 failed, Emask 0x1
Dec 04 18:59:08 deemo kernel: ata2.00: configured for UDMA/133
Dec 04 18:59:08 deemo kernel: ahci 0000:00:1f.2: port does not support device sleep
Dec 04 18:59:08 deemo kernel: scsi 0:0:0:0: Direct-Access     ATA      Samsung SSD 860  4B6Q PQ: 0 ANSI: 5
Dec 04 18:59:08 deemo kernel: ata1.00: Enabling discard_zeroes_data
Dec 04 18:59:08 deemo kernel: sd 0:0:0:0: [sda] 488397168 512-byte logical blocks: (250 GB/233 GiB)
Dec 04 18:59:08 deemo kernel: sd 0:0:0:0: [sda] Write Protect is off
Dec 04 18:59:08 deemo kernel: sd 0:0:0:0: [sda] Mode Sense: 00 3a 00 00
Dec 04 18:59:08 deemo kernel: sd 0:0:0:0: [sda] Write cache: enabled, read cache: enabled, doesn't support DPO or FUA
Dec 04 18:59:08 deemo kernel: ata1.00: Enabling discard_zeroes_data
Dec 04 18:59:08 deemo kernel: scsi 1:0:0:0: Direct-Access     ATA      ST1000LM024 HN-M 0001 PQ: 0 ANSI: 5
Dec 04 18:59:08 deemo kernel: sd 1:0:0:0: [sdb] 1953525168 512-byte logical blocks: (1.00 TB/932 GiB)
Dec 04 18:59:08 deemo kernel: sd 1:0:0:0: [sdb] 4096-byte physical blocks
Dec 04 18:59:08 deemo kernel: sd 1:0:0:0: [sdb] Write Protect is off
Dec 04 18:59:08 deemo kernel: sd 1:0:0:0: [sdb] Mode Sense: 00 3a 00 00
Dec 04 18:59:08 deemo kernel: sd 1:0:0:0: [sdb] Write cache: enabled, read cache: enabled, doesn't support DPO or FUA
Dec 04 18:59:08 deemo kernel:  sda: sda1 sda2 sda3 sda4 sda5 sda6
Dec 04 18:59:08 deemo kernel: ata1.00: Enabling discard_zeroes_data
Dec 04 18:59:08 deemo kernel: sd 0:0:0:0: [sda] supports TCG Opal
Dec 04 18:59:08 deemo kernel: sd 0:0:0:0: [sda] Attached SCSI disk
Dec 04 18:59:08 deemo kernel:  sdb: sdb1 sdb2
Dec 04 18:59:08 deemo kernel: sd 1:0:0:0: [sdb] Attached SCSI disk
Dec 04 18:59:08 deemo kernel: Freeing unused decrypted memory: 2036K
Dec 04 18:59:08 deemo kernel: Freeing unused kernel image (initmem) memory: 1860K
Dec 04 18:59:08 deemo kernel: Write protecting the kernel read-only data: 28672k
Dec 04 18:59:08 deemo kernel: Freeing unused kernel image (text/rodata gap) memory: 2036K
Dec 04 18:59:08 deemo kernel: Freeing unused kernel image (rodata/data gap) memory: 1500K
Dec 04 18:59:08 deemo kernel: x86/mm: Checked W+X mappings: passed, no W+X pages found.
Dec 04 18:59:08 deemo kernel: rodata_test: all tests were successful
Dec 04 18:59:08 deemo kernel: x86/mm: Checking user space page tables
Dec 04 18:59:08 deemo kernel: x86/mm: Checked W+X mappings: passed, no W+X pages found.
Dec 04 18:59:08 deemo kernel: Run /init as init process
Dec 04 18:59:08 deemo kernel:   with arguments:
Dec 04 18:59:08 deemo kernel:     /init
Dec 04 18:59:08 deemo kernel:     splash
Dec 04 18:59:08 deemo kernel:   with environment:
Dec 04 18:59:08 deemo kernel:     HOME=/
Dec 04 18:59:08 deemo kernel:     TERM=linux
Dec 04 18:59:08 deemo kernel:     BOOT_IMAGE=/boot/vmlinuz-linux
Dec 04 18:59:08 deemo kernel: fbcon: Taking over console
Dec 04 18:59:08 deemo kernel: Console: switching to colour frame buffer device 128x48
Dec 04 18:59:08 deemo kernel: xhci_hcd 0000:00:14.0: xHCI Host Controller
Dec 04 18:59:08 deemo kernel: xhci_hcd 0000:00:14.0: new USB bus registered, assigned bus number 1
Dec 04 18:59:08 deemo kernel: xhci_hcd 0000:00:14.0: hcc params 0x200077c1 hci version 0x100 quirks 0x000000000004b810
Dec 04 18:59:08 deemo kernel: usb usb1: New USB device found, idVendor=1d6b, idProduct=0002, bcdDevice= 5.15
Dec 04 18:59:08 deemo kernel: usb usb1: New USB device strings: Mfr=3, Product=2, SerialNumber=1
Dec 04 18:59:08 deemo kernel: usb usb1: Product: xHCI Host Controller
Dec 04 18:59:08 deemo kernel: usb usb1: Manufacturer: Linux 5.15.4-arch1-1 xhci-hcd
Dec 04 18:59:08 deemo kernel: usb usb1: SerialNumber: 0000:00:14.0
Dec 04 18:59:08 deemo kernel: hub 1-0:1.0: USB hub found
Dec 04 18:59:08 deemo kernel: hub 1-0:1.0: 11 ports detected
Dec 04 18:59:08 deemo kernel: i8042: PNP: PS/2 Controller [PNP030b:PS2K,PNP0f03:PS2M] at 0x60,0x64 irq 1,12
Dec 04 18:59:08 deemo kernel: serio: i8042 KBD port at 0x60,0x64 irq 1
Dec 04 18:59:08 deemo kernel: serio: i8042 AUX port at 0x60,0x64 irq 12
Dec 04 18:59:08 deemo kernel: xhci_hcd 0000:00:14.0: xHCI Host Controller
Dec 04 18:59:08 deemo kernel: xhci_hcd 0000:00:14.0: new USB bus registered, assigned bus number 2
Dec 04 18:59:08 deemo kernel: xhci_hcd 0000:00:14.0: Host supports USB 3.0 SuperSpeed
Dec 04 18:59:08 deemo kernel: usb usb2: New USB device found, idVendor=1d6b, idProduct=0003, bcdDevice= 5.15
Dec 04 18:59:08 deemo kernel: usb usb2: New USB device strings: Mfr=3, Product=2, SerialNumber=1
Dec 04 18:59:08 deemo kernel: usb usb2: Product: xHCI Host Controller
Dec 04 18:59:08 deemo kernel: usb usb2: Manufacturer: Linux 5.15.4-arch1-1 xhci-hcd
Dec 04 18:59:08 deemo kernel: usb usb2: SerialNumber: 0000:00:14.0
Dec 04 18:59:08 deemo kernel: hub 2-0:1.0: USB hub found
Dec 04 18:59:08 deemo kernel: hub 2-0:1.0: 4 ports detected
Dec 04 18:59:08 deemo kernel: random: fast init done
Dec 04 18:59:08 deemo kernel: input: AT Translated Set 2 keyboard as /devices/platform/i8042/serio0/input/input3
Dec 04 18:59:08 deemo kernel: usb 1-1: new low-speed USB device number 2 using xhci_hcd
Dec 04 18:59:08 deemo kernel: tsc: Refined TSC clocksource calibration: 2394.456 MHz
Dec 04 18:59:08 deemo kernel: clocksource: tsc: mask: 0xffffffffffffffff max_cycles: 0x2283c236f90, max_idle_ns: 440795217409 ns
Dec 04 18:59:08 deemo kernel: clocksource: Switched to clocksource tsc
Dec 04 18:59:08 deemo kernel: usb 1-1: New USB device found, idVendor=046d, idProduct=c077, bcdDevice=72.00
Dec 04 18:59:08 deemo kernel: usb 1-1: New USB device strings: Mfr=1, Product=2, SerialNumber=0
Dec 04 18:59:08 deemo kernel: usb 1-1: Product: USB Optical Mouse
Dec 04 18:59:08 deemo kernel: usb 1-1: Manufacturer: Logitech
Dec 04 18:59:08 deemo kernel: input: Logitech USB Optical Mouse as /devices/pci0000:00/0000:00:14.0/usb1/1-1/1-1:1.0/0003:046D:C077.0001/input/input5
Dec 04 18:59:08 deemo kernel: hid-generic 0003:046D:C077.0001: input,hidraw0: USB HID v1.11 Mouse [Logitech USB Optical Mouse] on usb-0000:00:14.0-1/input0
Dec 04 18:59:08 deemo kernel: usbcore: registered new interface driver usbhid
Dec 04 18:59:08 deemo kernel: usbhid: USB HID core driver
Dec 04 18:59:08 deemo kernel: EXT4-fs (sda5): mounted filesystem with ordered data mode. Opts: (null). Quota mode: none.
Dec 04 18:59:08 deemo kernel: usb 1-5: new high-speed USB device number 3 using xhci_hcd
Dec 04 18:59:08 deemo systemd[1]: systemd 249.7-1-arch running in system mode (+PAM +AUDIT -SELINUX -APPARMOR -IMA +SMACK +SECCOMP +GCRYPT +GNUTLS +OPENSSL +ACL +BLKID +CURL +ELFUTILS +FIDO2 +IDN2 -IDN +IPTC +KMOD +LIBCRYPTSETUP +LIBFDISK +PCRE2 -PWQUALITY +P11KIT -QRENCODE +BZIP2 +LZ4 +XZ +ZLIB +ZSTD +XKBCOMMON +UTMP -SYSVINIT default-hierarchy=unified)
Dec 04 18:59:08 deemo systemd[1]: Detected architecture x86-64.
Dec 04 18:59:08 deemo systemd[1]: Hostname set to <deemo>.
Dec 04 18:59:08 deemo kernel: usb 1-5: New USB device found, idVendor=0bda, idProduct=57b5, bcdDevice= 0.12
Dec 04 18:59:08 deemo kernel: usb 1-5: New USB device strings: Mfr=3, Product=1, SerialNumber=2
Dec 04 18:59:08 deemo kernel: usb 1-5: Product: USB Camera
Dec 04 18:59:08 deemo kernel: usb 1-5: Manufacturer: 04081-00092400FAF8ZK
Dec 04 18:59:08 deemo kernel: usb 1-5: SerialNumber: 200901010001
Dec 04 18:59:08 deemo kernel: random: lvmconfig: uninitialized urandom read (4 bytes read)
Dec 04 18:59:08 deemo systemd[1]: Queued start job for default target Graphical Interface.
Dec 04 18:59:08 deemo systemd[1]: Created slice Slice /system/getty.
Dec 04 18:59:08 deemo systemd[1]: Created slice Slice /system/modprobe.
Dec 04 18:59:08 deemo systemd[1]: Created slice User and Session Slice.
Dec 04 18:59:08 deemo systemd[1]: Started Dispatch Password Requests to Console Directory Watch.
Dec 04 18:59:08 deemo systemd[1]: Started Forward Password Requests to Wall Directory Watch.
Dec 04 18:59:08 deemo systemd[1]: Set up automount Arbitrary Executable File Formats File System Automount Point.
Dec 04 18:59:08 deemo systemd[1]: Reached target Local Encrypted Volumes.
Dec 04 18:59:08 deemo systemd[1]: Reached target Login Prompts.
Dec 04 18:59:08 deemo systemd[1]: Reached target Path Units.
Dec 04 18:59:08 deemo systemd[1]: Reached target Remote File Systems.
Dec 04 18:59:08 deemo systemd[1]: Reached target Slice Units.
Dec 04 18:59:08 deemo systemd[1]: Reached target Swaps.
Dec 04 18:59:08 deemo systemd[1]: Reached target Local Verity Protected Volumes.
Dec 04 18:59:08 deemo systemd[1]: Listening on Device-mapper event daemon FIFOs.
Dec 04 18:59:08 deemo systemd[1]: Listening on LVM2 poll daemon socket.
Dec 04 18:59:08 deemo systemd[1]: Listening on Process Core Dump Socket.
Dec 04 18:59:08 deemo systemd[1]: Listening on Journal Audit Socket.
Dec 04 18:59:08 deemo systemd[1]: Listening on Journal Socket (/dev/log).
Dec 04 18:59:08 deemo systemd[1]: Listening on Journal Socket.
Dec 04 18:59:08 deemo systemd[1]: Listening on udev Control Socket.
Dec 04 18:59:08 deemo systemd[1]: Listening on udev Kernel Socket.
Dec 04 18:59:08 deemo systemd[1]: Mounting Huge Pages File System...
Dec 04 18:59:08 deemo systemd[1]: Mounting POSIX Message Queue File System...
Dec 04 18:59:08 deemo systemd[1]: Mounting Kernel Debug File System...
Dec 04 18:59:08 deemo systemd[1]: Mounting Kernel Trace File System...
Dec 04 18:59:08 deemo systemd[1]: Mounting Temporary Directory /tmp...
Dec 04 18:59:08 deemo systemd[1]: Starting Create List of Static Device Nodes...
Dec 04 18:59:08 deemo systemd[1]: Starting Monitoring of LVM2 mirrors, snapshots etc. using dmeventd or progress polling...
Dec 04 18:59:08 deemo systemd[1]: Starting Load Kernel Module configfs...
Dec 04 18:59:08 deemo systemd[1]: Starting Load Kernel Module drm...
Dec 04 18:59:08 deemo systemd[1]: Starting Load Kernel Module fuse...
Dec 04 18:59:08 deemo systemd[1]: Condition check resulted in Set Up Additional Binary Formats being skipped.
Dec 04 18:59:08 deemo kernel: random: lvm: uninitialized urandom read (4 bytes read)
Dec 04 18:59:08 deemo systemd[1]: Condition check resulted in File System Check on Root Device being skipped.
Dec 04 18:59:08 deemo systemd[1]: Starting Journal Service...
Dec 04 18:59:08 deemo systemd[1]: Starting Load Kernel Modules...
Dec 04 18:59:08 deemo systemd[1]: Starting Remount Root and Kernel File Systems...
Dec 04 18:59:08 deemo systemd[1]: Condition check resulted in Repartition Root Disk being skipped.
Dec 04 18:59:08 deemo systemd[1]: Starting Coldplug All udev Devices...
Dec 04 18:59:08 deemo systemd[1]: Mounted Huge Pages File System.
Dec 04 18:59:08 deemo systemd[1]: Mounted POSIX Message Queue File System.
Dec 04 18:59:08 deemo systemd[1]: Mounted Kernel Debug File System.
Dec 04 18:59:08 deemo systemd[1]: Mounted Kernel Trace File System.
Dec 04 18:59:08 deemo systemd[1]: Mounted Temporary Directory /tmp.
Dec 04 18:59:08 deemo systemd[1]: Finished Create List of Static Device Nodes.
Dec 04 18:59:08 deemo systemd[1]: modprobe@configfs.service: Deactivated successfully.
Dec 04 18:59:08 deemo systemd[1]: Finished Load Kernel Module configfs.
Dec 04 18:59:08 deemo systemd[1]: modprobe@drm.service: Deactivated successfully.
Dec 04 18:59:08 deemo systemd[1]: Finished Load Kernel Module drm.
Dec 04 18:59:08 deemo systemd[1]: Mounting Kernel Configuration File System...
Dec 04 18:59:08 deemo systemd[1]: Mounted Kernel Configuration File System.
Dec 04 18:59:08 deemo kernel: EXT4-fs (sda5): re-mounted. Opts: (null). Quota mode: none.
Dec 04 18:59:08 deemo systemd[1]: Finished Remount Root and Kernel File Systems.
Dec 04 18:59:08 deemo systemd[1]: Condition check resulted in First Boot Wizard being skipped.
Dec 04 18:59:08 deemo systemd[1]: Condition check resulted in Rebuild Hardware Database being skipped.
Dec 04 18:59:08 deemo systemd[1]: Starting Load/Save Random Seed...
Dec 04 18:59:08 deemo systemd[1]: Starting Create System Users...
Dec 04 18:59:08 deemo kernel: fuse: init (API version 7.34)
Dec 04 18:59:08 deemo systemd[1]: modprobe@fuse.service: Deactivated successfully.
Dec 04 18:59:08 deemo systemd[1]: Finished Load Kernel Module fuse.
Dec 04 18:59:08 deemo kernel: audit: type=1130 audit(1638615548.941:2): pid=1 uid=0 auid=4294967295 ses=4294967295 msg='unit=modprobe@fuse comm="systemd" exe="/usr/lib/systemd/systemd" hostname=? addr=? terminal=? res=success'
Dec 04 18:59:08 deemo kernel: audit: type=1131 audit(1638615548.941:3): pid=1 uid=0 auid=4294967295 ses=4294967295 msg='unit=modprobe@fuse comm="systemd" exe="/usr/lib/systemd/systemd" hostname=? addr=? terminal=? res=success'
Dec 04 18:59:08 deemo systemd[1]: Finished Load Kernel Modules.
Dec 04 18:59:08 deemo kernel: audit: type=1130 audit(1638615548.941:4): pid=1 uid=0 auid=4294967295 ses=4294967295 msg='unit=systemd-modules-load comm="systemd" exe="/usr/lib/systemd/systemd" hostname=? addr=? terminal=? res=success'
Dec 04 18:59:08 deemo kernel: usb 1-6: new full-speed USB device number 4 using xhci_hcd
Dec 04 18:59:08 deemo systemd[1]: Mounting FUSE Control File System...
Dec 04 18:59:08 deemo systemd[1]: Starting Apply Kernel Variables...
Dec 04 18:59:08 deemo systemd[1]: Mounted FUSE Control File System.
Dec 04 18:59:08 deemo systemd[1]: Finished Monitoring of LVM2 mirrors, snapshots etc. using dmeventd or progress polling.
Dec 04 18:59:08 deemo kernel: audit: type=1130 audit(1638615548.951:5): pid=1 uid=0 auid=4294967295 ses=4294967295 msg='unit=lvm2-monitor comm="systemd" exe="/usr/lib/systemd/systemd" hostname=? addr=? terminal=? res=success'
Dec 04 18:59:08 deemo systemd[1]: Finished Apply Kernel Variables.
Dec 04 18:59:08 deemo kernel: audit: type=1130 audit(1638615548.951:6): pid=1 uid=0 auid=4294967295 ses=4294967295 msg='unit=systemd-sysctl comm="systemd" exe="/usr/lib/systemd/systemd" hostname=? addr=? terminal=? res=success'
Dec 04 18:59:08 deemo systemd-journald[229]: Journal started
Dec 04 18:59:08 deemo systemd-journald[229]: Runtime Journal (/run/log/journal/cfb26e72b63144cf95bb4c211e298243) is 8.0M, max 593.5M, 585.5M free.
Dec 04 18:59:08 deemo audit[1]: SERVICE_START pid=1 uid=0 auid=4294967295 ses=4294967295 msg='unit=modprobe@fuse comm="systemd" exe="/usr/lib/systemd/systemd" hostname=? addr=? terminal=? res=success'
Dec 04 18:59:08 deemo audit[1]: SERVICE_STOP pid=1 uid=0 auid=4294967295 ses=4294967295 msg='unit=modprobe@fuse comm="systemd" exe="/usr/lib/systemd/systemd" hostname=? addr=? terminal=? res=success'
Dec 04 18:59:08 deemo audit[1]: SERVICE_START pid=1 uid=0 auid=4294967295 ses=4294967295 msg='unit=systemd-modules-load comm="systemd" exe="/usr/lib/systemd/systemd" hostname=? addr=? terminal=? res=success'
Dec 04 18:59:08 deemo audit[1]: SERVICE_START pid=1 uid=0 auid=4294967295 ses=4294967295 msg='unit=lvm2-monitor comm="systemd" exe="/usr/lib/systemd/systemd" hostname=? addr=? terminal=? res=success'
Dec 04 18:59:08 deemo audit[1]: SERVICE_START pid=1 uid=0 auid=4294967295 ses=4294967295 msg='unit=systemd-sysctl comm="systemd" exe="/usr/lib/systemd/systemd" hostname=? addr=? terminal=? res=success'
Dec 04 18:59:08 deemo audit[1]: SERVICE_START pid=1 uid=0 auid=4294967295 ses=4294967295 msg='unit=systemd-journald comm="systemd" exe="/usr/lib/systemd/systemd" hostname=? addr=? terminal=? res=success'
Dec 04 18:59:08 deemo systemd-modules-load[230]: Inserted module 'crypto_user'
Dec 04 18:59:08 deemo systemd[1]: Started Journal Service.
Dec 04 18:59:08 deemo kernel: audit: type=1130 audit(1638615548.974:7): pid=1 uid=0 auid=4294967295 ses=4294967295 msg='unit=systemd-journald comm="systemd" exe="/usr/lib/systemd/systemd" hostname=? addr=? terminal=? res=success'
Dec 04 18:59:08 deemo systemd-random-seed[235]: Kernel entropy pool is not initialized yet, waiting until it is.
Dec 04 18:59:08 deemo systemd[1]: Starting Flush Journal to Persistent Storage...
Dec 04 18:59:08 deemo systemd[1]: Finished Create System Users.
Dec 04 18:59:08 deemo audit[1]: SERVICE_START pid=1 uid=0 auid=4294967295 ses=4294967295 msg='unit=systemd-sysusers comm="systemd" exe="/usr/lib/systemd/systemd" hostname=? addr=? terminal=? res=success'
Dec 04 18:59:08 deemo kernel: audit: type=1130 audit(1638615548.978:8): pid=1 uid=0 auid=4294967295 ses=4294967295 msg='unit=systemd-sysusers comm="systemd" exe="/usr/lib/systemd/systemd" hostname=? addr=? terminal=? res=success'
Dec 04 18:59:08 deemo systemd[1]: Starting Create Static Device Nodes in /dev...
Dec 04 18:59:08 deemo systemd-journald[229]: Time spent on flushing to /var/log/journal/cfb26e72b63144cf95bb4c211e298243 is 111.373ms for 814 entries.
Dec 04 18:59:08 deemo systemd-journald[229]: System Journal (/var/log/journal/cfb26e72b63144cf95bb4c211e298243) is 1.2G, max 4.0G, 2.7G free.
Dec 04 18:59:09 deemo kernel: audit: type=1130 audit(1638615549.014:9): pid=1 uid=0 auid=4294967295 ses=4294967295 msg='unit=systemd-udev-trigger comm="systemd" exe="/usr/lib/systemd/systemd" hostname=? addr=? terminal=? res=success'
Dec 04 18:59:09 deemo kernel: audit: type=1130 audit(1638615549.018:10): pid=1 uid=0 auid=4294967295 ses=4294967295 msg='unit=systemd-tmpfiles-setup-dev comm="systemd" exe="/usr/lib/systemd/systemd" hostname=? addr=? terminal=? res=success'
Dec 04 18:59:09 deemo kernel: usb 1-6: New USB device found, idVendor=13d3, idProduct=3423, bcdDevice= 0.01
Dec 04 18:59:09 deemo kernel: usb 1-6: New USB device strings: Mfr=0, Product=0, SerialNumber=0
Dec 04 18:59:09 deemo audit[1]: SERVICE_START pid=1 uid=0 auid=4294967295 ses=4294967295 msg='unit=systemd-udev-trigger comm="systemd" exe="/usr/lib/systemd/systemd" hostname=? addr=? terminal=? res=success'
Dec 04 18:59:09 deemo audit[1]: SERVICE_START pid=1 uid=0 auid=4294967295 ses=4294967295 msg='unit=systemd-tmpfiles-setup-dev comm="systemd" exe="/usr/lib/systemd/systemd" hostname=? addr=? terminal=? res=success'
Dec 04 18:59:09 deemo audit: BPF prog-id=14 op=LOAD
Dec 04 18:59:09 deemo audit: BPF prog-id=15 op=LOAD
Dec 04 18:59:09 deemo audit: BPF prog-id=16 op=LOAD
Dec 04 18:59:09 deemo audit[1]: SERVICE_START pid=1 uid=0 auid=4294967295 ses=4294967295 msg='unit=systemd-udevd comm="systemd" exe="/usr/lib/systemd/systemd" hostname=? addr=? terminal=? res=success'
Dec 04 18:59:09 deemo systemd[1]: Finished Coldplug All udev Devices.
Dec 04 18:59:09 deemo systemd[1]: Finished Create Static Device Nodes in /dev.
Dec 04 18:59:09 deemo systemd[1]: Reached target Preparation for Local File Systems.
Dec 04 18:59:09 deemo systemd[1]: Condition check resulted in Virtual Machine and Container Storage (Compatibility) being skipped.
Dec 04 18:59:09 deemo systemd[1]: Reached target Local File Systems.
Dec 04 18:59:09 deemo systemd[1]: Starting Rebuild Dynamic Linker Cache...
Dec 04 18:59:09 deemo systemd[1]: Starting Rule-based Manager for Device Events and Files...
Dec 04 18:59:09 deemo systemd[1]: Started Rule-based Manager for Device Events and Files.
Dec 04 18:59:09 deemo systemd[1]: Finished Flush Journal to Persistent Storage.
Dec 04 18:59:09 deemo audit[1]: SERVICE_START pid=1 uid=0 auid=4294967295 ses=4294967295 msg='unit=systemd-journal-flush comm="systemd" exe="/usr/lib/systemd/systemd" hostname=? addr=? terminal=? res=success'
Dec 04 18:59:09 deemo systemd[1]: Starting Create Volatile Files and Directories...
Dec 04 18:59:09 deemo systemd[1]: Finished Create Volatile Files and Directories.
Dec 04 18:59:09 deemo audit[1]: SERVICE_START pid=1 uid=0 auid=4294967295 ses=4294967295 msg='unit=systemd-tmpfiles-setup comm="systemd" exe="/usr/lib/systemd/systemd" hostname=? addr=? terminal=? res=success'
Dec 04 18:59:09 deemo systemd[1]: Starting Rebuild Journal Catalog...
Dec 04 18:59:09 deemo systemd[1]: Starting Record System Boot/Shutdown in UTMP...
Dec 04 18:59:09 deemo audit[261]: SYSTEM_BOOT pid=261 uid=0 auid=4294967295 ses=4294967295 msg=' comm="systemd-update-utmp" exe="/usr/lib/systemd/systemd-update-utmp" hostname=? addr=? terminal=? res=success'
Dec 04 18:59:09 deemo systemd[1]: Finished Record System Boot/Shutdown in UTMP.
Dec 04 18:59:09 deemo audit[1]: SERVICE_START pid=1 uid=0 auid=4294967295 ses=4294967295 msg='unit=systemd-update-utmp comm="systemd" exe="/usr/lib/systemd/systemd" hostname=? addr=? terminal=? res=success'
Dec 04 18:59:09 deemo systemd[1]: Finished Rebuild Journal Catalog.
Dec 04 18:59:09 deemo audit[1]: SERVICE_START pid=1 uid=0 auid=4294967295 ses=4294967295 msg='unit=systemd-journal-catalog-update comm="systemd" exe="/usr/lib/systemd/systemd" hostname=? addr=? terminal=? res=success'
Dec 04 18:59:09 deemo kernel: input: Asus Wireless Radio Control as /devices/LNXSYSTM:00/LNXSYBUS:00/ATK4002:00/input/input6
Dec 04 18:59:09 deemo systemd[1]: Finished Rebuild Dynamic Linker Cache.
Dec 04 18:59:09 deemo audit[1]: SERVICE_START pid=1 uid=0 auid=4294967295 ses=4294967295 msg='unit=ldconfig comm="systemd" exe="/usr/lib/systemd/systemd" hostname=? addr=? terminal=? res=success'
Dec 04 18:59:09 deemo systemd[1]: Starting Update is Completed...
Dec 04 18:59:09 deemo systemd[1]: Finished Update is Completed.
Dec 04 18:59:09 deemo audit[1]: SERVICE_START pid=1 uid=0 auid=4294967295 ses=4294967295 msg='unit=systemd-update-done comm="systemd" exe="/usr/lib/systemd/systemd" hostname=? addr=? terminal=? res=success'
Dec 04 18:59:09 deemo systemd[1]: Reached target System Initialization.
Dec 04 18:59:09 deemo systemd[1]: Started Discard unused blocks once a week.
Dec 04 18:59:09 deemo systemd[1]: Started Daily man-db regeneration.
Dec 04 18:59:09 deemo systemd[1]: Started Daily verification of password and group files.
Dec 04 18:59:09 deemo systemd[1]: Started Daily Cleanup of Temporary Directories.
Dec 04 18:59:09 deemo systemd[1]: Reached target Timer Units.
Dec 04 18:59:09 deemo systemd[1]: Listening on D-Bus System Message Bus Socket.
Dec 04 18:59:09 deemo systemd[1]: Reached target Socket Units.
Dec 04 18:59:09 deemo systemd[1]: Reached target Basic System.
Dec 04 18:59:09 deemo audit[1]: SERVICE_START pid=1 uid=0 auid=4294967295 ses=4294967295 msg='unit=dbus comm="systemd" exe="/usr/lib/systemd/systemd" hostname=? addr=? terminal=? res=success'
Dec 04 18:59:09 deemo systemd[1]: Started D-Bus System Message Bus.
Dec 04 18:59:09 deemo kernel: random: dbus-daemon: uninitialized urandom read (12 bytes read)
Dec 04 18:59:09 deemo systemd[1]: Starting Network Manager...
Dec 04 18:59:09 deemo audit: BPF prog-id=17 op=LOAD
Dec 04 18:59:09 deemo systemd[1]: Starting User Login Management...
Dec 04 18:59:09 deemo audit: BPF prog-id=18 op=LOAD
Dec 04 18:59:09 deemo audit: BPF prog-id=19 op=LOAD
Dec 04 18:59:09 deemo NetworkManager[278]: <info>  [1638615549.4265] NetworkManager (version 1.32.12-1) is starting... (for the first time)
Dec 04 18:59:09 deemo NetworkManager[278]: <info>  [1638615549.4266] Read config: /etc/NetworkManager/NetworkManager.conf (lib: 20-connectivity.conf)
Dec 04 18:59:09 deemo NetworkManager[278]: <info>  [1638615549.4317] bus-manager: acquired D-Bus service "org.freedesktop.NetworkManager"
Dec 04 18:59:09 deemo audit[1]: SERVICE_START pid=1 uid=0 auid=4294967295 ses=4294967295 msg='unit=NetworkManager comm="systemd" exe="/usr/lib/systemd/systemd" hostname=? addr=? terminal=? res=success'
Dec 04 18:59:09 deemo systemd[1]: Started Network Manager.
Dec 04 18:59:09 deemo systemd[1]: Reached target Network.
Dec 04 18:59:09 deemo systemd[1]: Starting Permit User Sessions...
Dec 04 18:59:09 deemo systemd[1]: Finished Permit User Sessions.
Dec 04 18:59:09 deemo audit[1]: SERVICE_START pid=1 uid=0 auid=4294967295 ses=4294967295 msg='unit=systemd-user-sessions comm="systemd" exe="/usr/lib/systemd/systemd" hostname=? addr=? terminal=? res=success'
Dec 04 18:59:09 deemo NetworkManager[278]: <info>  [1638615549.4514] manager[0x55e90533d010]: monitoring kernel firmware directory '/lib/firmware'.
Dec 04 18:59:09 deemo dbus-daemon[277]: [system] Activating via systemd: service name='org.freedesktop.hostname1' unit='dbus-org.freedesktop.hostname1.service' requested by ':1.1' (uid=0 pid=278 comm="/usr/bin/NetworkManager --no-daemon ")
Dec 04 18:59:09 deemo mtp-probe[281]: checking bus 1, device 2: "/sys/devices/pci0000:00/0000:00:14.0/usb1/1-1"
Dec 04 18:59:09 deemo mtp-probe[281]: bus: 1, device: 2 was not an MTP device
Dec 04 18:59:09 deemo mtp-probe[280]: checking bus 1, device 3: "/sys/devices/pci0000:00/0000:00:14.0/usb1/1-5"
Dec 04 18:59:09 deemo audit: BPF prog-id=20 op=LOAD
Dec 04 18:59:09 deemo audit: BPF prog-id=21 op=LOAD
Dec 04 18:59:09 deemo audit: BPF prog-id=22 op=LOAD
Dec 04 18:59:09 deemo systemd[1]: Starting Hostname Service...
Dec 04 18:59:09 deemo mtp-probe[280]: bus: 1, device: 3 was not an MTP device
Dec 04 18:59:09 deemo systemd-logind[279]: Watching system buttons on /dev/input/event2 (Power Button)
Dec 04 18:59:09 deemo systemd-logind[279]: Watching system buttons on /dev/input/event0 (Lid Switch)
Dec 04 18:59:09 deemo systemd-logind[279]: New seat seat0.
Dec 04 18:59:09 deemo systemd[1]: Started User Login Management.
Dec 04 18:59:09 deemo systemd[1]: Reached target Multi-User System.
Dec 04 18:59:09 deemo audit[1]: SERVICE_START pid=1 uid=0 auid=4294967295 ses=4294967295 msg='unit=systemd-logind comm="systemd" exe="/usr/lib/systemd/systemd" hostname=? addr=? terminal=? res=success'
Dec 04 18:59:09 deemo systemd[1]: Started Simple Desktop Display Manager.
Dec 04 18:59:09 deemo systemd[1]: Reached target Graphical Interface.
Dec 04 18:59:09 deemo audit[1]: SERVICE_START pid=1 uid=0 auid=4294967295 ses=4294967295 msg='unit=sddm comm="systemd" exe="/usr/lib/systemd/systemd" hostname=? addr=? terminal=? res=success'
Dec 04 18:59:09 deemo systemd-logind[279]: Watching system buttons on /dev/input/event1 (Sleep Button)
Dec 04 18:59:09 deemo sddm[290]: Initializing...
Dec 04 18:59:09 deemo sddm[290]: Starting...
Dec 04 18:59:09 deemo sddm[290]: Logind interface found
Dec 04 18:59:09 deemo dbus-daemon[277]: [system] Successfully activated service 'org.freedesktop.hostname1'
Dec 04 18:59:09 deemo systemd[1]: Started Hostname Service.
Dec 04 18:59:09 deemo audit[1]: SERVICE_START pid=1 uid=0 auid=4294967295 ses=4294967295 msg='unit=systemd-hostnamed comm="systemd" exe="/usr/lib/systemd/systemd" hostname=? addr=? terminal=? res=success'
Dec 04 18:59:09 deemo kernel: mc: Linux media interface: v0.10
Dec 04 18:59:09 deemo NetworkManager[278]: <info>  [1638615549.5723] hostname: hostname: using hostnamed
Dec 04 18:59:09 deemo NetworkManager[278]: <info>  [1638615549.5723] hostname: hostname changed from (none) to "deemo"
Dec 04 18:59:09 deemo NetworkManager[278]: <info>  [1638615549.5727] dns-mgr[0x55e9052f7250]: init: dns=default,systemd-resolved rc-manager=symlink
Dec 04 18:59:09 deemo NetworkManager[278]: <info>  [1638615549.5744] manager[0x55e90533d010]: rfkill: Wi-Fi hardware radio set enabled
Dec 04 18:59:09 deemo NetworkManager[278]: <info>  [1638615549.5744] manager[0x55e90533d010]: rfkill: WWAN hardware radio set enabled
Dec 04 18:59:09 deemo NetworkManager[278]: <info>  [1638615549.5851] Loaded device plugin: NMOvsFactory (/usr/lib/NetworkManager/1.32.12-1/libnm-device-plugin-ovs.so)
Dec 04 18:59:09 deemo NetworkManager[278]: <info>  [1638615549.5858] Loaded device plugin: NMAtmManager (/usr/lib/NetworkManager/1.32.12-1/libnm-device-plugin-adsl.so)
Dec 04 18:59:09 deemo NetworkManager[278]: <info>  [1638615549.5903] Loaded device plugin: NMWwanFactory (/usr/lib/NetworkManager/1.32.12-1/libnm-device-plugin-wwan.so)
Dec 04 18:59:09 deemo NetworkManager[278]: <info>  [1638615549.5920] Loaded device plugin: NMBluezManager (/usr/lib/NetworkManager/1.32.12-1/libnm-device-plugin-bluetooth.so)
Dec 04 18:59:09 deemo NetworkManager[278]: <info>  [1638615549.5930] Loaded device plugin: NMWifiFactory (/usr/lib/NetworkManager/1.32.12-1/libnm-device-plugin-wifi.so)
Dec 04 18:59:09 deemo NetworkManager[278]: <info>  [1638615549.6027] Loaded device plugin: NMTeamFactory (/usr/lib/NetworkManager/1.32.12-1/libnm-device-plugin-team.so)
Dec 04 18:59:09 deemo NetworkManager[278]: <info>  [1638615549.6037] manager: rfkill: Wi-Fi enabled by radio killswitch; enabled by state file
Dec 04 18:59:09 deemo NetworkManager[278]: <info>  [1638615549.6040] manager: rfkill: WWAN enabled by radio killswitch; enabled by state file
Dec 04 18:59:09 deemo NetworkManager[278]: <info>  [1638615549.6042] manager: Networking is enabled by state file
Dec 04 18:59:09 deemo dbus-daemon[277]: [system] Activating via systemd: service name='org.freedesktop.nm_dispatcher' unit='dbus-org.freedesktop.nm-dispatcher.service' requested by ':1.1' (uid=0 pid=278 comm="/usr/bin/NetworkManager --no-daemon ")
Dec 04 18:59:09 deemo NetworkManager[278]: <info>  [1638615549.6053] dhcp-init: Using DHCP client 'internal'
Dec 04 18:59:09 deemo NetworkManager[278]: <info>  [1638615549.6057] settings: Loaded settings plugin: keyfile (internal)
Dec 04 18:59:09 deemo systemd[1]: Starting Network Manager Script Dispatcher Service...
Dec 04 18:59:09 deemo kernel: mousedev: PS/2 mouse device common for all mice
Dec 04 18:59:09 deemo NetworkManager[278]: <info>  [1638615549.6171] device (lo): carrier: link connected
Dec 04 18:59:09 deemo NetworkManager[278]: <info>  [1638615549.6175] manager: (lo): new Generic device (/org/freedesktop/NetworkManager/Devices/1)
Dec 04 18:59:09 deemo dbus-daemon[277]: [system] Successfully activated service 'org.freedesktop.nm_dispatcher'
Dec 04 18:59:09 deemo systemd[1]: Started Network Manager Script Dispatcher Service.
Dec 04 18:59:09 deemo audit[1]: SERVICE_START pid=1 uid=0 auid=4294967295 ses=4294967295 msg='unit=NetworkManager-dispatcher comm="systemd" exe="/usr/lib/systemd/systemd" hostname=? addr=? terminal=? res=success'
Dec 04 18:59:09 deemo NetworkManager[278]: <info>  [1638615549.6223] ovsdb: Could not connect: No such file or directory
Dec 04 18:59:09 deemo NetworkManager[278]: <info>  [1638615549.6223] ovsdb: disconnected from ovsdb
Dec 04 18:59:09 deemo kernel: videodev: Linux video capture interface: v2.00
Dec 04 18:59:09 deemo kernel: input: PC Speaker as /devices/platform/pcspkr/input/input7
Dec 04 18:59:09 deemo systemd-logind[279]: Watching system buttons on /dev/input/event3 (AT Translated Set 2 keyboard)
Dec 04 18:59:09 deemo kernel: i801_smbus 0000:00:1f.3: SPD Write Disable is set
Dec 04 18:59:09 deemo kernel: i801_smbus 0000:00:1f.3: SMBus using PCI interrupt
Dec 04 18:59:09 deemo kernel: i2c i2c-0: 2/2 memory slots populated (from DMI)
Dec 04 18:59:09 deemo kernel: i2c i2c-0: Successfully instantiated SPD at 0x50
Dec 04 18:59:09 deemo kernel: cfg80211: Loading compiled-in X.509 certificates for regulatory database
Dec 04 18:59:09 deemo kernel: cfg80211: Loaded X.509 cert 'sforshee: 00b28ddf47aef9cea7'
Dec 04 18:59:09 deemo kernel: platform regulatory.0: Direct firmware load for regulatory.db failed with error -2
Dec 04 18:59:09 deemo kernel: cfg80211: failed to load regulatory.db
Dec 04 18:59:09 deemo NetworkManager[278]: <info>  [1638615549.8213] manager: startup complete
Dec 04 18:59:09 deemo kernel: r8169 0000:02:00.0: can't disable ASPM; OS doesn't have ASPM control
Dec 04 18:59:09 deemo kernel: MXM: GUID detected in BIOS
Dec 04 18:59:09 deemo kernel: ACPI Warning: \_SB.PCI0.GFX0._DSM: Argument #4 type mismatch - Found [Buffer], ACPI requires [Package] (20210730/nsarguments-61)
Dec 04 18:59:09 deemo NetworkManager[278]: <info>  [1638615549.8631] manager: (eth0): new Ethernet device (/org/freedesktop/NetworkManager/Devices/2)
Dec 04 18:59:09 deemo kernel: libphy: r8169: probed
Dec 04 18:59:09 deemo kernel: r8169 0000:02:00.0 eth0: RTL8168gu/8111gu, 9c:5c:8e:40:3f:92, XID 509, IRQ 49
Dec 04 18:59:09 deemo kernel: r8169 0000:02:00.0 eth0: jumbo features [frames: 9194 bytes, tx checksumming: ko]
Dec 04 18:59:09 deemo systemd[1]: Listening on Load/Save RF Kill Switch Status /dev/rfkill Watch.
Dec 04 18:59:09 deemo kernel: RAPL PMU: API unit is 2^-32 Joules, 4 fixed counters, 655360 ms ovfl timer
Dec 04 18:59:09 deemo kernel: RAPL PMU: hw unit of domain pp0-core 2^-14 Joules
Dec 04 18:59:09 deemo kernel: RAPL PMU: hw unit of domain package 2^-14 Joules
Dec 04 18:59:09 deemo kernel: RAPL PMU: hw unit of domain dram 2^-14 Joules
Dec 04 18:59:09 deemo kernel: RAPL PMU: hw unit of domain pp1-gpu 2^-14 Joules
Dec 04 18:59:09 deemo kernel: checking generic (d0000000 300000) vs hw (f5000000 1000000)
Dec 04 18:59:09 deemo kernel: checking generic (d0000000 300000) vs hw (d0000000 10000000)
Dec 04 18:59:09 deemo kernel: fb0: switching to i915 from EFI VGA
Dec 04 18:59:09 deemo kernel: iTCO_vendor_support: vendor-support=0
Dec 04 18:59:09 deemo kernel: ACPI Warning: \_SB.PCI0.RP05.PEGP._DSM: Argument #4 type mismatch - Found [Buffer], ACPI requires [Package] (20210730/nsarguments-61)
Dec 04 18:59:09 deemo kernel: pci 0000:04:00.0: optimus capabilities: enabled, status dynamic power, 
Dec 04 18:59:09 deemo kernel: VGA switcheroo: detected Optimus DSM method \_SB_.PCI0.RP05.PEGP handle
Dec 04 18:59:09 deemo kernel: nouveau: detected PR support, will not use DSM
Dec 04 18:59:09 deemo kernel: Console: switching to colour dummy device 80x25
Dec 04 18:59:09 deemo kernel: i915 0000:00:02.0: vgaarb: deactivate vga console
Dec 04 18:59:09 deemo kernel: cryptd: max_cpu_qlen set to 1000
Dec 04 18:59:09 deemo kernel: iTCO_wdt iTCO_wdt.1.auto: Found a Wildcat Point_LP TCO device (Version=2, TCOBASE=0x1860)
Dec 04 18:59:09 deemo kernel: iTCO_wdt iTCO_wdt.1.auto: initialized. heartbeat=30 sec (nowayout=0)
Dec 04 18:59:09 deemo kernel: asus_wmi: ASUS WMI generic driver loaded
Dec 04 18:59:09 deemo kernel: i915 0000:00:02.0: vgaarb: changed VGA decodes: olddecodes=io+mem,decodes=io+mem:owns=io+mem
Dec 04 18:59:09 deemo kernel: nouveau 0000:04:00.0: NVIDIA GM108 (118070a2)
Dec 04 18:59:10 deemo kernel: Bluetooth: Core ver 2.22
Dec 04 18:59:10 deemo kernel: NET: Registered PF_BLUETOOTH protocol family
Dec 04 18:59:10 deemo kernel: Bluetooth: HCI device and connection manager initialized
Dec 04 18:59:10 deemo kernel: Bluetooth: HCI socket layer initialized
Dec 04 18:59:10 deemo kernel: Bluetooth: L2CAP socket layer initialized
Dec 04 18:59:10 deemo kernel: Bluetooth: SCO socket layer initialized
Dec 04 18:59:10 deemo kernel: at24 0-0050: supply vcc not found, using dummy regulator
Dec 04 18:59:10 deemo kernel: usb 1-5: Found UVC 1.00 device USB Camera (0bda:57b5)
Dec 04 18:59:10 deemo kernel: at24 0-0050: 256 byte spd EEPROM, read-only
Dec 04 18:59:10 deemo kernel: input: USB Camera: USB Camera as /devices/pci0000:00/0000:00:14.0/usb1/1-5/1-5:1.0/input/input9
Dec 04 18:59:10 deemo kernel: usbcore: registered new interface driver uvcvideo
Dec 04 18:59:10 deemo kernel: intel_rapl_common: Found RAPL domain package
Dec 04 18:59:10 deemo kernel: intel_rapl_common: Found RAPL domain core
Dec 04 18:59:10 deemo kernel: intel_rapl_common: Found RAPL domain uncore
Dec 04 18:59:10 deemo kernel: intel_rapl_common: Found RAPL domain dram
Dec 04 18:59:10 deemo kernel: intel_rapl_common: RAPL package-0 domain package locked by BIOS
Dec 04 18:59:10 deemo kernel: intel_rapl_common: RAPL package-0 domain dram locked by BIOS
Dec 04 18:59:10 deemo systemd-udevd[255]: Using default interface naming scheme 'v249'.
Dec 04 18:59:10 deemo kernel: nouveau 0000:04:00.0: bios: version 82.08.3b.00.4d
Dec 04 18:59:10 deemo kernel: r8169 0000:02:00.0 enp2s0: renamed from eth0
Dec 04 18:59:10 deemo kernel: AVX2 version of gcm_enc/dec engaged.
Dec 04 18:59:10 deemo kernel: AES CTR mode by8 optimization enabled
Dec 04 18:59:10 deemo kernel: asus_wmi: Initialization: 0x1
Dec 04 18:59:10 deemo kernel: asus_wmi: BIOS WMI version: 7.9
Dec 04 18:59:10 deemo kernel: asus_wmi: SFUN value: 0xa0077
Dec 04 18:59:10 deemo kernel: asus-nb-wmi asus-nb-wmi: Detected ATK, not ASUSWMI, use DSTS
Dec 04 18:59:10 deemo kernel: asus-nb-wmi asus-nb-wmi: Detected ATK, enable event queue
Dec 04 18:59:10 deemo kernel: [drm] Initialized i915 1.6.0 20201103 for 0000:00:02.0 on minor 0
Dec 04 18:59:10 deemo NetworkManager[278]: <info>  [1638615550.0584] device (eth0): interface index 2 renamed iface from 'eth0' to 'enp2s0'
Dec 04 18:59:10 deemo NetworkManager[278]: <info>  [1638615550.0967] device (enp2s0): state change: unmanaged -> unavailable (reason 'managed', sys-iface-state: 'external')
Dec 04 18:59:10 deemo kernel: ACPI: video: Video Device [GFX0] (multi-head: yes  rom: no  post: no)
Dec 04 18:59:10 deemo kernel: Generic FE-GE Realtek PHY r8169-0-200:00: attached PHY driver (mii_bus:phy_addr=r8169-0-200:00, irq=MAC)
Dec 04 18:59:10 deemo kernel: usbcore: registered new interface driver btusb
Dec 04 18:59:10 deemo systemd-udevd[267]: Using default interface naming scheme 'v249'.
Dec 04 18:59:10 deemo kernel: usb 1-6: USB disconnect, device number 4
Dec 04 18:59:10 deemo kernel: snd_hda_codec_conexant hdaudioC1D0: CX20751/2: BIOS auto-probing.
Dec 04 18:59:10 deemo kernel: snd_hda_codec_conexant hdaudioC1D0: autoconfig for CX20751/2: line_outs=1 (0x17/0x0/0x0/0x0/0x0) type:speaker
Dec 04 18:59:10 deemo kernel: snd_hda_codec_conexant hdaudioC1D0:    speaker_outs=0 (0x0/0x0/0x0/0x0/0x0)
Dec 04 18:59:10 deemo kernel: snd_hda_codec_conexant hdaudioC1D0:    hp_outs=1 (0x16/0x0/0x0/0x0/0x0)
Dec 04 18:59:10 deemo kernel: snd_hda_codec_conexant hdaudioC1D0:    mono: mono_out=0x0
Dec 04 18:59:10 deemo kernel: snd_hda_codec_conexant hdaudioC1D0:    inputs:
Dec 04 18:59:10 deemo kernel: snd_hda_codec_conexant hdaudioC1D0:      Internal Mic=0x1a
Dec 04 18:59:10 deemo kernel: snd_hda_codec_conexant hdaudioC1D0:      Mic=0x19
Dec 04 18:59:10 deemo kernel: input: HDA Intel PCH Mic as /devices/pci0000:00/0000:00:1b.0/sound/card1/input10
Dec 04 18:59:10 deemo kernel: input: HDA Intel PCH Headphone as /devices/pci0000:00/0000:00:1b.0/sound/card1/input11
Dec 04 18:59:10 deemo kernel: intel-spi intel-spi: mx25l6405d (8192 Kbytes)
Dec 04 18:59:10 deemo kernel: input: Video Bus as /devices/LNXSYSTM:00/LNXSYBUS:00/PNP0A08:00/LNXVIDEO:00/input/input12
Dec 04 18:59:10 deemo kernel: ACPI: video: Video Device [PEGP] (multi-head: no  rom: yes  post: no)
Dec 04 18:59:10 deemo kernel: input: Video Bus as /devices/LNXSYSTM:00/LNXSYBUS:00/PNP0A08:00/device:22/LNXVIDEO:01/input/input13
Dec 04 18:59:10 deemo kernel: snd_hda_intel 0000:00:03.0: bound 0000:00:02.0 (ops i915_audio_component_bind_ops [i915])
Dec 04 18:59:10 deemo kernel: fbcon: i915 (fb0) is primary device
Dec 04 18:59:10 deemo kernel: input: Asus WMI hotkeys as /devices/platform/asus-nb-wmi/input/input14
Dec 04 18:59:10 deemo kernel: input: FocalTechPS/2 FocalTech Touchpad as /devices/platform/i8042/serio1/input/input8
Dec 04 18:59:10 deemo kernel: nouveau 0000:04:00.0: fb: 2048 MiB DDR3
Dec 04 18:59:10 deemo kernel: nouveau 0000:04:00.0: bus: MMIO read of 00000000 FAULT at 6013d4 [ PRIVRING ]
Dec 04 18:59:10 deemo kernel: usbcore: registered new interface driver ath3k
Dec 04 18:59:10 deemo systemd[1]: Reached target Sound Card.
Dec 04 18:59:10 deemo kernel: Creating 1 MTD partitions on "intel-spi":
Dec 04 18:59:10 deemo kernel: 0x000000000000-0x000000800000 : "BIOS"
Dec 04 18:59:10 deemo systemd[1]: Created slice Slice /system/systemd-backlight.
Dec 04 18:59:10 deemo systemd[1]: Starting Load/Save Screen Backlight Brightness of leds:asus::kbd_backlight...
Dec 04 18:59:10 deemo systemd[1]: Finished Load/Save Screen Backlight Brightness of leds:asus::kbd_backlight.
Dec 04 18:59:10 deemo audit[1]: SERVICE_START pid=1 uid=0 auid=4294967295 ses=4294967295 msg='unit=systemd-backlight@leds:asus::kbd_backlight comm="systemd" exe="/usr/lib/systemd/systemd" hostname=? addr=? terminal=? res=success'
Dec 04 18:59:10 deemo kernel: input: HDA Intel HDMI HDMI/DP,pcm=3 as /devices/pci0000:00/0000:00:03.0/sound/card0/input15
Dec 04 18:59:10 deemo kernel: input: HDA Intel HDMI HDMI/DP,pcm=7 as /devices/pci0000:00/0000:00:03.0/sound/card0/input16
Dec 04 18:59:10 deemo kernel: input: HDA Intel HDMI HDMI/DP,pcm=8 as /devices/pci0000:00/0000:00:03.0/sound/card0/input17
Dec 04 18:59:10 deemo kernel: r8169 0000:02:00.0 enp2s0: Link is Down
Dec 04 18:59:10 deemo NetworkManager[278]: <info>  [1638615550.3066] settings: (enp2s0): created default wired connection 'Wired connection 1'
Dec 04 18:59:10 deemo kernel: input: HDA Intel HDMI HDMI/DP,pcm=9 as /devices/pci0000:00/0000:00:03.0/sound/card0/input18
Dec 04 18:59:10 deemo kernel: input: HDA Intel HDMI HDMI/DP,pcm=10 as /devices/pci0000:00/0000:00:03.0/sound/card0/input19
Dec 04 18:59:10 deemo kernel: ath: phy0: WB335 1-ANT card detected
Dec 04 18:59:10 deemo kernel: ath: phy0: Set BT/WLAN RX diversity capability
Dec 04 18:59:10 deemo kernel: ath: phy0: Enable LNA combining
Dec 04 18:59:10 deemo kernel: ath: phy0: ASPM enabled: 0x43
Dec 04 18:59:10 deemo kernel: ath: EEPROM regdomain: 0x6a
Dec 04 18:59:10 deemo kernel: ath: EEPROM indicates we should expect a direct regpair map
Dec 04 18:59:10 deemo kernel: ath: Country alpha2 being used: 00
Dec 04 18:59:10 deemo kernel: ath: Regpair used: 0x6a
Dec 04 18:59:10 deemo kernel: ieee80211 phy0: Selected rate control algorithm 'minstrel_ht'
Dec 04 18:59:10 deemo systemd[1]: Starting Load/Save RF Kill Switch Status...
Dec 04 18:59:10 deemo NetworkManager[278]: <info>  [1638615550.4068] device (wlan0): driver supports Access Point (AP) mode
Dec 04 18:59:10 deemo NetworkManager[278]: <info>  [1638615550.4076] manager: (wlan0): new 802.11 Wi-Fi device (/org/freedesktop/NetworkManager/Devices/3)
Dec 04 18:59:10 deemo systemd-udevd[268]: Using default interface naming scheme 'v249'.
Dec 04 18:59:10 deemo kernel: ieee80211 phy0: Atheros AR9565 Rev:1 mem=0xffffbc9d80900000, irq=19
Dec 04 18:59:10 deemo NetworkManager[278]: <info>  [1638615550.4141] rfkill0: found Wi-Fi radio killswitch (at /sys/devices/pci0000:00/0000:00:1c.3/0000:03:00.0/ieee80211/phy0/rfkill0) (driver ath9k)
Dec 04 18:59:10 deemo systemd[1]: Started Load/Save RF Kill Switch Status.
Dec 04 18:59:10 deemo audit[1]: SERVICE_START pid=1 uid=0 auid=4294967295 ses=4294967295 msg='unit=systemd-rfkill comm="systemd" exe="/usr/lib/systemd/systemd" hostname=? addr=? terminal=? res=success'
Dec 04 18:59:10 deemo kernel: ath9k 0000:03:00.0 wlp3s0: renamed from wlan0
Dec 04 18:59:10 deemo NetworkManager[278]: <info>  [1638615550.4285] device (wlan0): interface index 3 renamed iface from 'wlan0' to 'wlp3s0'
Dec 04 18:59:10 deemo kernel: usb 1-6: new full-speed USB device number 5 using xhci_hcd
Dec 04 18:59:10 deemo NetworkManager[278]: <info>  [1638615550.4553] device (wlp3s0): state change: unmanaged -> unavailable (reason 'managed', sys-iface-state: 'external')
Dec 04 18:59:10 deemo kernel: random: crng init done
Dec 04 18:59:10 deemo kernel: random: 3 urandom warning(s) missed due to ratelimiting
Dec 04 18:59:10 deemo systemd-udevd[253]: Using default interface naming scheme 'v249'.
Dec 04 18:59:10 deemo systemd[1]: Finished Load/Save Random Seed.
Dec 04 18:59:10 deemo systemd[1]: Condition check resulted in First Boot Complete being skipped.
Dec 04 18:59:10 deemo systemd[1]: Condition check resulted in Store a System Token in an EFI Variable being skipped.
Dec 04 18:59:10 deemo systemd[1]: Condition check resulted in Commit a transient machine-id on disk being skipped.
Dec 04 18:59:10 deemo audit[1]: SERVICE_START pid=1 uid=0 auid=4294967295 ses=4294967295 msg='unit=systemd-random-seed comm="systemd" exe="/usr/lib/systemd/systemd" hostname=? addr=? terminal=? res=success'
Dec 04 18:59:10 deemo NetworkManager[278]: <info>  [1638615550.4821] device (wlp3s0): set-hw-addr: set MAC address to 56:B5:EC:DA:B8:DC (scanning)
Dec 04 18:59:10 deemo systemd[1]: Startup finished in 3.719s (firmware) + 2.634s (loader) + 1.556s (kernel) + 1.806s (userspace) = 9.716s.
Dec 04 18:59:10 deemo dbus-daemon[277]: [system] Activating via systemd: service name='fi.w1.wpa_supplicant1' unit='wpa_supplicant.service' requested by ':1.1' (uid=0 pid=278 comm="/usr/bin/NetworkManager --no-daemon ")
Dec 04 18:59:10 deemo systemd[1]: Starting WPA supplicant...
Dec 04 18:59:10 deemo dbus-daemon[277]: [system] Successfully activated service 'fi.w1.wpa_supplicant1'
Dec 04 18:59:10 deemo audit[1]: SERVICE_START pid=1 uid=0 auid=4294967295 ses=4294967295 msg='unit=wpa_supplicant comm="systemd" exe="/usr/lib/systemd/systemd" hostname=? addr=? terminal=? res=success'
Dec 04 18:59:10 deemo systemd[1]: Started WPA supplicant.
Dec 04 18:59:10 deemo wpa_supplicant[388]: Successfully initialized wpa_supplicant
Dec 04 18:59:10 deemo NetworkManager[278]: <info>  [1638615550.5600] device (wlp3s0): supplicant interface state: internal-starting -> disconnected
Dec 04 18:59:10 deemo NetworkManager[278]: <info>  [1638615550.5601] Wi-Fi P2P device controlled by interface wlp3s0 created
Dec 04 18:59:10 deemo NetworkManager[278]: <info>  [1638615550.5603] manager: (p2p-dev-wlp3s0): new 802.11 Wi-Fi P2P device (/org/freedesktop/NetworkManager/Devices/4)
Dec 04 18:59:10 deemo NetworkManager[278]: <info>  [1638615550.5605] device (p2p-dev-wlp3s0): state change: unmanaged -> unavailable (reason 'managed', sys-iface-state: 'external')
Dec 04 18:59:10 deemo NetworkManager[278]: <info>  [1638615550.5610] device (wlp3s0): state change: unavailable -> disconnected (reason 'supplicant-available', sys-iface-state: 'managed')
Dec 04 18:59:10 deemo NetworkManager[278]: <info>  [1638615550.5616] device (p2p-dev-wlp3s0): state change: unavailable -> disconnected (reason 'none', sys-iface-state: 'managed')
Dec 04 18:59:11 deemo kernel: Console: switching to colour frame buffer device 170x48
Dec 04 18:59:11 deemo kernel: vga_switcheroo: enabled
Dec 04 18:59:11 deemo kernel: nouveau 0000:04:00.0: DRM: VRAM: 2048 MiB
Dec 04 18:59:11 deemo kernel: nouveau 0000:04:00.0: DRM: GART: 1048576 MiB
Dec 04 18:59:11 deemo kernel: nouveau 0000:04:00.0: DRM: Pointer to TMDS table not found
Dec 04 18:59:11 deemo kernel: nouveau 0000:04:00.0: DRM: DCB version 4.0
Dec 04 18:59:11 deemo kernel: nouveau 0000:04:00.0: DRM: MM: using COPY for buffer copies
Dec 04 18:59:11 deemo kernel: [drm] Initialized nouveau 1.3.1 20120801 for 0000:04:00.0 on minor 1
Dec 04 18:59:11 deemo sddm[290]: Adding new display on vt 1 ...
Dec 04 18:59:11 deemo sddm[290]: Loading theme configuration from ""
Dec 04 18:59:11 deemo sddm[290]: Display server starting...
